###############################################################################
#
# IAR ELF Linker V8.40.1.212/W32 for ARM                  19/May/2021  14:57:12
# Copyright 2007-2019 IAR Systems AB.
#
#    Output file  =  D:\freelance\EWARM\Richard\Exe\Richard.out
#    Map file     =  D:\freelance\EWARM\Richard\List\Richard.map
#    Command line =
#        -f C:\Users\Dell\AppData\Local\Temp\EWC72B.tmp
#        (D:\freelance\EWARM\Richard\Obj\bsp_driver_sd.o
#        D:\freelance\EWARM\Richard\Obj\diskio.o
#        D:\freelance\EWARM\Richard\Obj\fatfs.o
#        D:\freelance\EWARM\Richard\Obj\fatfs_platform.o
#        D:\freelance\EWARM\Richard\Obj\ff.o
#        D:\freelance\EWARM\Richard\Obj\ff_gen_drv.o
#        D:\freelance\EWARM\Richard\Obj\gpio.o
#        D:\freelance\EWARM\Richard\Obj\main.o
#        D:\freelance\EWARM\Richard\Obj\sd_diskio.o
#        D:\freelance\EWARM\Richard\Obj\sdmmc.o
#        D:\freelance\EWARM\Richard\Obj\startup_stm32l4s5xx.o
#        D:\freelance\EWARM\Richard\Obj\stm32l4xx_hal.o
#        D:\freelance\EWARM\Richard\Obj\stm32l4xx_hal_cortex.o
#        D:\freelance\EWARM\Richard\Obj\stm32l4xx_hal_dma.o
#        D:\freelance\EWARM\Richard\Obj\stm32l4xx_hal_dma_ex.o
#        D:\freelance\EWARM\Richard\Obj\stm32l4xx_hal_exti.o
#        D:\freelance\EWARM\Richard\Obj\stm32l4xx_hal_flash.o
#        D:\freelance\EWARM\Richard\Obj\stm32l4xx_hal_flash_ex.o
#        D:\freelance\EWARM\Richard\Obj\stm32l4xx_hal_flash_ramfunc.o
#        D:\freelance\EWARM\Richard\Obj\stm32l4xx_hal_gpio.o
#        D:\freelance\EWARM\Richard\Obj\stm32l4xx_hal_i2c.o
#        D:\freelance\EWARM\Richard\Obj\stm32l4xx_hal_i2c_ex.o
#        D:\freelance\EWARM\Richard\Obj\stm32l4xx_hal_msp.o
#        D:\freelance\EWARM\Richard\Obj\stm32l4xx_hal_pwr.o
#        D:\freelance\EWARM\Richard\Obj\stm32l4xx_hal_pwr_ex.o
#        D:\freelance\EWARM\Richard\Obj\stm32l4xx_hal_rcc.o
#        D:\freelance\EWARM\Richard\Obj\stm32l4xx_hal_rcc_ex.o
#        D:\freelance\EWARM\Richard\Obj\stm32l4xx_hal_sd.o
#        D:\freelance\EWARM\Richard\Obj\stm32l4xx_hal_sd_ex.o
#        D:\freelance\EWARM\Richard\Obj\stm32l4xx_hal_tim.o
#        D:\freelance\EWARM\Richard\Obj\stm32l4xx_hal_tim_ex.o
#        D:\freelance\EWARM\Richard\Obj\stm32l4xx_hal_uart.o
#        D:\freelance\EWARM\Richard\Obj\stm32l4xx_hal_uart_ex.o
#        D:\freelance\EWARM\Richard\Obj\stm32l4xx_it.o
#        D:\freelance\EWARM\Richard\Obj\stm32l4xx_ll_sdmmc.o
#        D:\freelance\EWARM\Richard\Obj\syscall.o
#        D:\freelance\EWARM\Richard\Obj\system_stm32l4xx.o
#        D:\freelance\EWARM\Richard\Obj\usart.o --no_out_extension -o
#        D:\freelance\EWARM\Richard\Exe\Richard.out --redirect
#        _Printf=_PrintfFullNoMb --redirect _Scanf=_ScanfFullNoMb --map
#        D:\freelance\EWARM\Richard\List\Richard.map --config
#        D:\freelance\EWARM/stm32l4s5xx_flash.icf --semihosting --entry
#        __iar_program_start --vfe --text_out locale)
#
###############################################################################

*******************************************************************************
*** RUNTIME MODEL ATTRIBUTES
***

CppFlavor       = *
__SystemLibrary = DLib
__dlib_version  = 6


*******************************************************************************
*** HEAP SELECTION
***

The basic heap was selected because no calls to memory allocation
functions were found in the application outside of system library
functions, and there are calls to deallocation functions in the
application.


*******************************************************************************
*** PLACEMENT SUMMARY
***

"A0":  place at address 0x800'0000 { ro section .intvec };
"P1":  place in [from 0x800'0000 to 0x81f'ffff] { ro };
define block CSTACK with size = 1K, alignment = 8 { };
define block HEAP with size = 512, alignment = 8 { };
"P2":  place in [from 0x2000'0000 to 0x2009'ffff] {
          rw, block CSTACK, block HEAP };
initialize by copy { rw };

  Section            Kind         Address    Size  Object
  -------            ----         -------    ----  ------
"A0":                                       0x1bc
  .intvec            ro code   0x800'0000   0x1bc  startup_stm32l4s5xx.o [1]
                             - 0x800'01bc   0x1bc

"P1":                                      0x3e7e
  .text              ro code   0x800'01bc   0xd8c  stm32l4xx_hal_sd.o [1]
  .text              ro code   0x800'0f48     0xc  stm32l4xx_hal.o [1]
  .text              ro code   0x800'0f54   0xaa8  stm32l4xx_hal_rcc_ex.o [1]
  .text              ro code   0x800'19fc    0x18  ABImemcpy_small.o [4]
  .text              ro code   0x800'1a14   0x5c8  stm32l4xx_ll_sdmmc.o [1]
  .text              ro code   0x800'1fdc    0x28  stm32l4xx_hal.o [1]
  .text              ro code   0x800'2004    0x14  memset.o [4]
  .text              ro code   0x800'2018   0x7d4  stm32l4xx_hal_rcc.o [1]
  .text              ro code   0x800'27ec    0x66  ABImemset.o [4]
  .text              ro code   0x800'2852    0x3a  zero_init3.o [4]
  .text              ro code   0x800'288c    0x44  stm32l4xx_hal.o [1]
  .text              ro code   0x800'28d0    0xc8  stm32l4xx_hal_pwr_ex.o [1]
  .text              ro code   0x800'2998    0xc8  stm32l4xx_hal_cortex.o [1]
  .text              ro code   0x800'2a60   0x850  stm32l4xx_hal_uart.o [1]
  .text              ro code   0x800'32b0    0xd4  stm32l4xx_hal_dma.o [1]
  .text              ro code   0x800'3384   0x106  I64DivMod_small.o [4]
  .text              ro code   0x800'348a    0x2e  copy_init3.o [4]
  .text              ro code   0x800'34b8     0x2  I64DivZer.o [4]
  .text              ro code   0x800'34ba     0x2  stm32l4xx_hal_sd.o [1]
  .text              ro code   0x800'34bc   0x1e0  stm32l4xx_hal_gpio.o [1]
  .text              ro code   0x800'369c   0x110  sdmmc.o [1]
  .text              ro code   0x800'37ac    0xfa  stm32l4xx_hal_uart_ex.o [1]
  .text              ro code   0x800'38a6     0x2  stm32l4xx_hal_sd_ex.o [1]
  .text              ro code   0x800'38a8    0xdc  usart.o [1]
  .text              ro code   0x800'3984    0xc4  main.o [1]
  .text              ro code   0x800'3a48    0x1e  stm32l4xx_hal.o [1]
  .text              ro code   0x800'3a66     0x2  stm32l4xx_hal_sd_ex.o [1]
  .text              ro code   0x800'3a68    0x88  gpio.o [1]
  .text              ro code   0x800'3af0    0x18  fatfs.o [1]
  .text              ro code   0x800'3b08    0x30  stm32l4xx_hal_msp.o [1]
  .text              ro code   0x800'3b38    0x40  ff_gen_drv.o [1]
  .text              ro code   0x800'3b78    0xbc  sd_diskio.o [1]
  .text              ro code   0x800'3c34    0x18  bsp_driver_sd.o [1]
  .text              ro code   0x800'3c4c    0x30  bsp_driver_sd.o [1]
  .text              ro code   0x800'3c7c    0x20  bsp_driver_sd.o [1]
  .text              ro code   0x800'3c9c    0x20  bsp_driver_sd.o [1]
  .text              ro code   0x800'3cbc     0xc  bsp_driver_sd.o [1]
  .text              ro code   0x800'3cc8    0x18  bsp_driver_sd.o [1]
  .text              ro code   0x800'3ce0    0x18  fatfs_platform.o [1]
  .text              ro code   0x800'3cf8    0x50  system_stm32l4xx.o [1]
  .rodata            const     0x800'3d48    0x30  system_stm32l4xx.o [1]
  .text              ro code   0x800'3d78    0x28  data_init.o [4]
  .text              ro code   0x800'3da0    0x22  fpinit_M.o [3]
  .iar.init_table    const     0x800'3dc4    0x24  - Linker created -
  .text              ro code   0x800'3de8     0x2  stm32l4xx_hal_sd_ex.o [1]
  .text              ro code   0x800'3dec    0x20  stm32l4xx_it.o [1]
  .text              ro code   0x800'3e0c    0x10  stm32l4xx_hal.o [1]
  .text              ro code   0x800'3e1c    0x1e  cmain.o [4]
  .text              ro code   0x800'3e3a     0x4  low_level_init.o [2]
  .text              ro code   0x800'3e3e     0x4  exit.o [2]
  .text              ro code   0x800'3e42     0x2  stm32l4xx_hal_sd_ex.o [1]
  .text              ro code   0x800'3e44     0xa  cexit.o [4]
  .text              ro code   0x800'3e4e     0x2  stm32l4xx_hal_uart.o [1]
  .text              ro code   0x800'3e50    0x14  exit.o [5]
  .rodata            const     0x800'3e64    0x14  sd_diskio.o [1]
  Initializer bytes  const     0x800'3e78    0x14  <for P2-1>
  .text              ro code   0x800'3e8c     0x2  stm32l4xx_hal_uart.o [1]
  .text              ro code   0x800'3e90    0x10  startup_stm32l4s5xx.o [1]
  .text              ro code   0x800'3ea0     0xe  bsp_driver_sd.o [1]
  .text              ro code   0x800'3eae     0x2  bsp_driver_sd.o [1]
  .text              ro code   0x800'3eb0     0x2  bsp_driver_sd.o [1]
  .text              ro code   0x800'3eb2     0xc  cstartup_M.o [4]
  .text              ro code   0x800'3ebe     0x2  stm32l4xx_hal_uart.o [1]
  .rodata            const     0x800'3ec0     0x8  system_stm32l4xx.o [1]
  .text              ro code   0x800'3ec8     0x4  startup_stm32l4s5xx.o [1]
  .text              ro code   0x800'3ecc     0x4  startup_stm32l4s5xx.o [1]
  .text              ro code   0x800'3ed0     0x4  startup_stm32l4s5xx.o [1]
  .text              ro code   0x800'3ed4     0x4  startup_stm32l4s5xx.o [1]
  .text              ro code   0x800'3ed8     0x4  startup_stm32l4s5xx.o [1]
  .text              ro code   0x800'3edc     0x4  startup_stm32l4s5xx.o [1]
  .text              ro code   0x800'3ee0     0x4  startup_stm32l4s5xx.o [1]
  .text              ro code   0x800'3ee4     0x4  startup_stm32l4s5xx.o [1]
  .text              ro code   0x800'3ee8     0x4  startup_stm32l4s5xx.o [1]
  .text              ro code   0x800'3eec     0x4  startup_stm32l4s5xx.o [1]
  .text              ro code   0x800'3ef0     0x4  startup_stm32l4s5xx.o [1]
  .text              ro code   0x800'3ef4     0x4  startup_stm32l4s5xx.o [1]
  .text              ro code   0x800'3ef8     0x4  startup_stm32l4s5xx.o [1]
  .text              ro code   0x800'3efc     0x4  startup_stm32l4s5xx.o [1]
  .text              ro code   0x800'3f00     0x4  startup_stm32l4s5xx.o [1]
  .text              ro code   0x800'3f04     0x4  startup_stm32l4s5xx.o [1]
  .text              ro code   0x800'3f08     0x4  startup_stm32l4s5xx.o [1]
  .text              ro code   0x800'3f0c     0x4  startup_stm32l4s5xx.o [1]
  .text              ro code   0x800'3f10     0x4  startup_stm32l4s5xx.o [1]
  .text              ro code   0x800'3f14     0x4  startup_stm32l4s5xx.o [1]
  .text              ro code   0x800'3f18     0x4  startup_stm32l4s5xx.o [1]
  .text              ro code   0x800'3f1c     0x4  startup_stm32l4s5xx.o [1]
  .text              ro code   0x800'3f20     0x4  startup_stm32l4s5xx.o [1]
  .text              ro code   0x800'3f24     0x4  startup_stm32l4s5xx.o [1]
  .text              ro code   0x800'3f28     0x4  startup_stm32l4s5xx.o [1]
  .text              ro code   0x800'3f2c     0x4  startup_stm32l4s5xx.o [1]
  .text              ro code   0x800'3f30     0x4  startup_stm32l4s5xx.o [1]
  .text              ro code   0x800'3f34     0x4  startup_stm32l4s5xx.o [1]
  .text              ro code   0x800'3f38     0x4  startup_stm32l4s5xx.o [1]
  .text              ro code   0x800'3f3c     0x4  startup_stm32l4s5xx.o [1]
  .text              ro code   0x800'3f40     0x4  startup_stm32l4s5xx.o [1]
  .text              ro code   0x800'3f44     0x4  startup_stm32l4s5xx.o [1]
  .text              ro code   0x800'3f48     0x4  startup_stm32l4s5xx.o [1]
  .text              ro code   0x800'3f4c     0x4  startup_stm32l4s5xx.o [1]
  .text              ro code   0x800'3f50     0x4  startup_stm32l4s5xx.o [1]
  .text              ro code   0x800'3f54     0x4  startup_stm32l4s5xx.o [1]
  .text              ro code   0x800'3f58     0x4  startup_stm32l4s5xx.o [1]
  .text              ro code   0x800'3f5c     0x4  startup_stm32l4s5xx.o [1]
  .text              ro code   0x800'3f60     0x4  startup_stm32l4s5xx.o [1]
  .text              ro code   0x800'3f64     0x4  startup_stm32l4s5xx.o [1]
  .text              ro code   0x800'3f68     0x4  startup_stm32l4s5xx.o [1]
  .text              ro code   0x800'3f6c     0x4  startup_stm32l4s5xx.o [1]
  .text              ro code   0x800'3f70     0x4  startup_stm32l4s5xx.o [1]
  .text              ro code   0x800'3f74     0x4  startup_stm32l4s5xx.o [1]
  .text              ro code   0x800'3f78     0x4  startup_stm32l4s5xx.o [1]
  .text              ro code   0x800'3f7c     0x4  startup_stm32l4s5xx.o [1]
  .text              ro code   0x800'3f80     0x4  startup_stm32l4s5xx.o [1]
  .text              ro code   0x800'3f84     0x4  startup_stm32l4s5xx.o [1]
  .text              ro code   0x800'3f88     0x4  startup_stm32l4s5xx.o [1]
  .text              ro code   0x800'3f8c     0x4  startup_stm32l4s5xx.o [1]
  .text              ro code   0x800'3f90     0x4  startup_stm32l4s5xx.o [1]
  .text              ro code   0x800'3f94     0x4  startup_stm32l4s5xx.o [1]
  .text              ro code   0x800'3f98     0x4  startup_stm32l4s5xx.o [1]
  .text              ro code   0x800'3f9c     0x4  startup_stm32l4s5xx.o [1]
  .text              ro code   0x800'3fa0     0x4  startup_stm32l4s5xx.o [1]
  .text              ro code   0x800'3fa4     0x4  startup_stm32l4s5xx.o [1]
  .text              ro code   0x800'3fa8     0x4  startup_stm32l4s5xx.o [1]
  .text              ro code   0x800'3fac     0x4  startup_stm32l4s5xx.o [1]
  .text              ro code   0x800'3fb0     0x4  startup_stm32l4s5xx.o [1]
  .text              ro code   0x800'3fb4     0x4  startup_stm32l4s5xx.o [1]
  .text              ro code   0x800'3fb8     0x4  startup_stm32l4s5xx.o [1]
  .text              ro code   0x800'3fbc     0x4  startup_stm32l4s5xx.o [1]
  .text              ro code   0x800'3fc0     0x4  startup_stm32l4s5xx.o [1]
  .text              ro code   0x800'3fc4     0x4  startup_stm32l4s5xx.o [1]
  .text              ro code   0x800'3fc8     0x4  startup_stm32l4s5xx.o [1]
  .text              ro code   0x800'3fcc     0x4  startup_stm32l4s5xx.o [1]
  .text              ro code   0x800'3fd0     0x4  startup_stm32l4s5xx.o [1]
  .text              ro code   0x800'3fd4     0x4  startup_stm32l4s5xx.o [1]
  .text              ro code   0x800'3fd8     0x4  startup_stm32l4s5xx.o [1]
  .text              ro code   0x800'3fdc     0x4  startup_stm32l4s5xx.o [1]
  .text              ro code   0x800'3fe0     0x4  startup_stm32l4s5xx.o [1]
  .text              ro code   0x800'3fe4     0x4  startup_stm32l4s5xx.o [1]
  .text              ro code   0x800'3fe8     0x4  startup_stm32l4s5xx.o [1]
  .text              ro code   0x800'3fec     0x4  startup_stm32l4s5xx.o [1]
  .text              ro code   0x800'3ff0     0x4  startup_stm32l4s5xx.o [1]
  .text              ro code   0x800'3ff4     0x4  startup_stm32l4s5xx.o [1]
  .text              ro code   0x800'3ff8     0x4  startup_stm32l4s5xx.o [1]
  .text              ro code   0x800'3ffc     0x4  startup_stm32l4s5xx.o [1]
  .text              ro code   0x800'4000     0x4  startup_stm32l4s5xx.o [1]
  .text              ro code   0x800'4004     0x4  startup_stm32l4s5xx.o [1]
  .text              ro code   0x800'4008     0x4  startup_stm32l4s5xx.o [1]
  .text              ro code   0x800'400c     0x4  startup_stm32l4s5xx.o [1]
  .text              ro code   0x800'4010     0x4  startup_stm32l4s5xx.o [1]
  .text              ro code   0x800'4014     0x4  startup_stm32l4s5xx.o [1]
  .text              ro code   0x800'4018     0x4  startup_stm32l4s5xx.o [1]
  .text              ro code   0x800'401c     0x4  startup_stm32l4s5xx.o [1]
  .text              ro code   0x800'4020     0x4  startup_stm32l4s5xx.o [1]
  .text              ro code   0x800'4024     0x4  startup_stm32l4s5xx.o [1]
  .text              ro code   0x800'4028     0x2  stm32l4xx_hal_sd_ex.o [1]
  .text              ro code   0x800'402a     0x2  stm32l4xx_hal_uart.o [1]
  .text              ro code   0x800'402c     0x2  stm32l4xx_hal_uart.o [1]
  .text              ro code   0x800'402e     0x2  stm32l4xx_hal_uart.o [1]
  .text              ro code   0x800'4030     0x2  stm32l4xx_hal_uart.o [1]
  .text              ro code   0x800'4032     0x2  stm32l4xx_hal_uart.o [1]
  .text              ro code   0x800'4034     0x2  stm32l4xx_hal_uart.o [1]
  .text              ro code   0x800'4036     0x2  stm32l4xx_hal_uart_ex.o [1]
  .text              ro code   0x800'4038     0x2  stm32l4xx_hal_uart_ex.o [1]
  .rodata            const     0x800'403a     0x0  zero_init3.o [4]
  .rodata            const     0x800'403a     0x0  copy_init3.o [4]
                             - 0x800'403a  0x3e7e

"P2", part 1 of 3:                           0x14
  P2-1                        0x2000'0000    0x11  <Init block>
    .data            inited   0x2000'0000     0xc  stm32l4xx_hal.o [1]
    .data            inited   0x2000'000c     0x4  system_stm32l4xx.o [1]
    .data            inited   0x2000'0010     0x1  sd_diskio.o [1]
                            - 0x2000'0011    0x11

"P2", part 2 of 3:                          0x188
  .bss               zero     0x2000'0014    0xc8  usart.o [1]
  .bss               zero     0x2000'00dc    0xac  sdmmc.o [1]
  .bss               zero     0x2000'0188     0xc  ff_gen_drv.o [1]
  .bss               zero     0x2000'0194     0x8  fatfs.o [1]
                            - 0x2000'019c   0x188

"P2", part 3 of 3:                          0x400
  CSTACK                      0x2000'01a0   0x400  <Block>
    CSTACK           uninit   0x2000'01a0   0x400  <Block tail>
                            - 0x2000'05a0   0x400

Unused ranges:

         From           To       Size
         ----           --       ----
   0x800'403a   0x81f'ffff  0x1f'bfc6
  0x2000'019c  0x2000'019f        0x4
  0x2000'05a0  0x2009'ffff   0x9'fa60


*******************************************************************************
*** INIT TABLE
***

          Address      Size
          -------      ----
Zero (__iar_zero_init3)
    1 destination range, total size 0x188:
          0x2000'0014  0x188

Copy (__iar_copy_init3)
    1 source range, total size 0x14 (117% of destination):
           0x800'3e78   0x14
    1 destination range, total size 0x11:
          0x2000'0000   0x11



*******************************************************************************
*** MODULE SUMMARY
***

    Module                   ro code  ro data  rw data
    ------                   -------  -------  -------
command line/config:
    --------------------------------------------------
    Total:

D:\freelance\EWARM\Richard\Obj: [1]
    bsp_driver_sd.o              190
    fatfs.o                       24                 8
    fatfs_platform.o              24
    ff_gen_drv.o                  64                12
    gpio.o                       136
    main.o                       196
    sd_diskio.o                  188       21        1
    sdmmc.o                      272               172
    startup_stm32l4s5xx.o        812
    stm32l4xx_hal.o              166       12       12
    stm32l4xx_hal_cortex.o       200
    stm32l4xx_hal_dma.o          212
    stm32l4xx_hal_gpio.o         480
    stm32l4xx_hal_msp.o           48
    stm32l4xx_hal_pwr_ex.o       200
    stm32l4xx_hal_rcc.o        2'004
    stm32l4xx_hal_rcc_ex.o     2'728
    stm32l4xx_hal_sd.o         3'470
    stm32l4xx_hal_sd_ex.o         10
    stm32l4xx_hal_uart.o       2'146
    stm32l4xx_hal_uart_ex.o      254
    stm32l4xx_it.o                32
    stm32l4xx_ll_sdmmc.o       1'480
    system_stm32l4xx.o            80       60        4
    usart.o                      220               200
    --------------------------------------------------
    Total:                    15'636       93      409

dl7M_tlf.a: [2]
    exit.o                         4
    low_level_init.o               4
    --------------------------------------------------
    Total:                         8

m7M_tls.a: [3]
    fpinit_M.o                    34
    --------------------------------------------------
    Total:                        34

rt7M_tl.a: [4]
    ABImemcpy_small.o             24
    ABImemset.o                  102
    I64DivMod_small.o            262
    I64DivZer.o                    2
    cexit.o                       10
    cmain.o                       30
    copy_init3.o                  46
    cstartup_M.o                  12
    data_init.o                   40
    memset.o                      20
    zero_init3.o                  58
    --------------------------------------------------
    Total:                       606

shb_l.a: [5]
    exit.o                        20
    --------------------------------------------------
    Total:                        20

    Gaps                           4        2
    Linker created                         39    1'024
------------------------------------------------------
    Grand Total:              16'308      134    1'433


*******************************************************************************
*** ENTRY LIST
***

Entry                       Address   Size  Type      Object
-----                       -------   ----  ----      ------
.iar.init_table$$Base    0x800'3dc4          --   Gb  - Linker created -
.iar.init_table$$Limit   0x800'3de8          --   Gb  - Linker created -
?main                    0x800'3e1d         Code  Gb  cmain.o [4]
AHBPrescTable            0x800'3d38   0x10  Data  Gb  system_stm32l4xx.o [1]
APBPrescTable            0x800'3ec0    0x8  Data  Gb  system_stm32l4xx.o [1]
BSP_PlatformIsDetected   0x800'3ce1   0x18  Code  Gb  fatfs_platform.o [1]
BSP_SD_GetCardInfo       0x800'3cbd    0xc  Code  Wk  bsp_driver_sd.o [1]
BSP_SD_GetCardState      0x800'3c35   0x18  Code  Wk  bsp_driver_sd.o [1]
BSP_SD_Init              0x800'3c4d   0x30  Code  Wk  bsp_driver_sd.o [1]
BSP_SD_ReadBlocks        0x800'3c7d   0x20  Code  Wk  bsp_driver_sd.o [1]
BSP_SD_WriteBlocks       0x800'3c9d   0x20  Code  Wk  bsp_driver_sd.o [1]
BusFault_Handler         0x800'3df3    0x2  Code  Gb  stm32l4xx_it.o [1]
CSTACK$$Base            0x2000'01a0          --   Gb  - Linker created -
CSTACK$$Limit           0x2000'05a0          --   Gb  - Linker created -
DebugMon_Handler         0x800'3df9    0x2  Code  Gb  stm32l4xx_it.o [1]
Error_Handler            0x800'3a45    0x4  Code  Gb  main.o [1]
FATFS_LinkDriver         0x800'3b71    0x4  Code  Gb  ff_gen_drv.o [1]
FATFS_LinkDriverEx       0x800'3b39   0x38  Code  Gb  ff_gen_drv.o [1]
HAL_DMA_Abort            0x800'32b1   0x68  Code  Gb  stm32l4xx_hal_dma.o [1]
HAL_DMA_Abort_IT         0x800'3319   0x6c  Code  Gb  stm32l4xx_hal_dma.o [1]
HAL_Delay                0x800'1fdd   0x28  Code  Wk  stm32l4xx_hal.o [1]
HAL_GPIO_Init            0x800'34bd  0x1aa  Code  Gb  stm32l4xx_hal_gpio.o [1]
HAL_GPIO_ReadPin         0x800'3667    0xc  Code  Gb  stm32l4xx_hal_gpio.o [1]
HAL_GetTick              0x800'0f49    0xc  Code  Wk  stm32l4xx_hal.o [1]
HAL_IncTick              0x800'3e0d   0x10  Code  Wk  stm32l4xx_hal.o [1]
HAL_Init                 0x800'3a49   0x1e  Code  Gb  stm32l4xx_hal.o [1]
HAL_InitTick             0x800'288d   0x44  Code  Wk  stm32l4xx_hal.o [1]
HAL_MspInit              0x800'3b09   0x30  Code  Gb  stm32l4xx_hal_msp.o [1]
HAL_NVIC_EnableIRQ       0x800'2a09   0x16  Code  Gb  stm32l4xx_hal_cortex.o [1]
HAL_NVIC_SetPriority     0x800'29cd   0x3a  Code  Gb  stm32l4xx_hal_cortex.o [1]
HAL_NVIC_SetPriorityGrouping
                         0x800'29b3   0x1a  Code  Gb  stm32l4xx_hal_cortex.o [1]
HAL_PWREx_ControlVoltageScaling
                         0x800'28fb   0x52  Code  Gb  stm32l4xx_hal_pwr_ex.o [1]
HAL_PWREx_GetVoltageRange
                         0x800'28d1   0x2a  Code  Gb  stm32l4xx_hal_pwr_ex.o [1]
HAL_RCCEx_GetPeriphCLKFreq
                         0x800'12f1  0x40c  Code  Gb  stm32l4xx_hal_rcc_ex.o [1]
HAL_RCCEx_PeriphCLKConfig
                         0x800'0f55  0x37e  Code  Gb  stm32l4xx_hal_rcc_ex.o [1]
HAL_RCC_ClockConfig      0x800'24c3  0x190  Code  Gb  stm32l4xx_hal_rcc.o [1]
HAL_RCC_GetPCLK1Freq     0x800'270f   0x10  Code  Gb  stm32l4xx_hal_rcc.o [1]
HAL_RCC_GetPCLK2Freq     0x800'271f    0xe  Code  Gb  stm32l4xx_hal_rcc.o [1]
HAL_RCC_GetSysClockFreq
                         0x800'267d   0x92  Code  Gb  stm32l4xx_hal_rcc.o [1]
HAL_RCC_OscConfig        0x800'2019  0x47e  Code  Gb  stm32l4xx_hal_rcc.o [1]
HAL_SDEx_DriveTransceiver_1_8V_Callback
                         0x800'4029    0x2  Code  Wk  stm32l4xx_hal_sd_ex.o [1]
HAL_SDEx_Read_DMADoubleBuffer0CpltCallback
                         0x800'38a7    0x2  Code  Wk  stm32l4xx_hal_sd_ex.o [1]
HAL_SDEx_Read_DMADoubleBuffer1CpltCallback
                         0x800'3a67    0x2  Code  Wk  stm32l4xx_hal_sd_ex.o [1]
HAL_SDEx_Write_DMADoubleBuffer0CpltCallback
                         0x800'3de9    0x2  Code  Wk  stm32l4xx_hal_sd_ex.o [1]
HAL_SDEx_Write_DMADoubleBuffer1CpltCallback
                         0x800'3e43    0x2  Code  Wk  stm32l4xx_hal_sd_ex.o [1]
HAL_SD_AbortCallback     0x800'3ea1    0x4  Code  Gb  bsp_driver_sd.o [1]
HAL_SD_ConfigWideBusOperation
                         0x800'0c4b  0x188  Code  Gb  stm32l4xx_hal_sd.o [1]
HAL_SD_GetCardCSD        0x800'08bd  0x1c8  Code  Gb  stm32l4xx_hal_sd.o [1]
HAL_SD_GetCardInfo       0x800'0c27   0x24  Code  Gb  stm32l4xx_hal_sd.o [1]
HAL_SD_GetCardState      0x800'0de5   0x28  Code  Gb  stm32l4xx_hal_sd.o [1]
HAL_SD_GetCardStatus     0x800'0a85  0x192  Code  Gb  stm32l4xx_hal_sd.o [1]
HAL_SD_Init              0x800'01bd   0xe4  Code  Gb  stm32l4xx_hal_sd.o [1]
HAL_SD_InitCard          0x800'02a1  0x284  Code  Gb  stm32l4xx_hal_sd.o [1]
HAL_SD_MspInit           0x800'36bb   0xc0  Code  Gb  sdmmc.o [1]
HAL_SD_ReadBlocks        0x800'052d  0x16c  Code  Gb  stm32l4xx_hal_sd.o [1]
HAL_SD_RxCpltCallback    0x800'3ea9    0x4  Code  Gb  bsp_driver_sd.o [1]
HAL_SD_TxCpltCallback    0x800'3ea5    0x4  Code  Gb  bsp_driver_sd.o [1]
HAL_SD_WriteBlocks       0x800'0699  0x176  Code  Gb  stm32l4xx_hal_sd.o [1]
HAL_SYSTICK_Config       0x800'2a1f   0x28  Code  Gb  stm32l4xx_hal_cortex.o [1]
HAL_UARTEx_DisableFifoMode
                         0x800'37ad   0x3c  Code  Gb  stm32l4xx_hal_uart_ex.o [1]
HAL_UARTEx_RxFifoFullCallback
                         0x800'4037    0x2  Code  Wk  stm32l4xx_hal_uart_ex.o [1]
HAL_UARTEx_SetRxFifoThreshold
                         0x800'37ff   0x14  Code  Gb  stm32l4xx_hal_uart_ex.o [1]
HAL_UARTEx_SetTxFifoThreshold
                         0x800'37e9   0x16  Code  Gb  stm32l4xx_hal_uart_ex.o [1]
HAL_UARTEx_TxFifoEmptyCallback
                         0x800'4039    0x2  Code  Wk  stm32l4xx_hal_uart_ex.o [1]
HAL_UARTEx_WakeupCallback
                         0x800'38a5    0x2  Code  Wk  stm32l4xx_hal_uart_ex.o [1]
HAL_UART_IRQHandler      0x800'2b0d  0x252  Code  Gb  stm32l4xx_hal_uart.o [1]
HAL_UART_Init            0x800'2a61   0x34  Code  Gb  stm32l4xx_hal_uart.o [1]
HAL_UART_MspInit         0x800'3907   0x72  Code  Gb  usart.o [1]
HardFault_Handler        0x800'3def    0x2  Code  Gb  stm32l4xx_it.o [1]
MSIRangeTable            0x800'3d48   0x30  Data  Gb  system_stm32l4xx.o [1]
MX_FATFS_Init            0x800'3af1   0x10  Code  Gb  fatfs.o [1]
MX_GPIO_Init             0x800'3a69   0x88  Code  Gb  gpio.o [1]
MX_SDMMC1_SD_Init        0x800'369d   0x1e  Code  Gb  sdmmc.o [1]
MX_USART1_UART_Init      0x800'38a9   0x5e  Code  Gb  usart.o [1]
MemManage_Handler        0x800'3df1    0x2  Code  Gb  stm32l4xx_it.o [1]
NMI_Handler              0x800'3ded    0x2  Code  Gb  stm32l4xx_it.o [1]
PendSV_Handler           0x800'3dfb    0x2  Code  Gb  stm32l4xx_it.o [1]
RCCEx_GetSAIxPeriphCLKFreq
                         0x800'18f1   0xd4  Code  Lc  stm32l4xx_hal_rcc_ex.o [1]
RCCEx_PLLSAI1_Config     0x800'1729   0xb0  Code  Lc  stm32l4xx_hal_rcc_ex.o [1]
RCCEx_PLLSAI2_Config     0x800'17d9   0xae  Code  Lc  stm32l4xx_hal_rcc_ex.o [1]
RCC_SetFlashLatencyFromMSIRange
                         0x800'2737   0x6e  Code  Lc  stm32l4xx_hal_rcc.o [1]
Region$$Table$$Base      0x800'3dc4          --   Gb  - Linker created -
Region$$Table$$Limit     0x800'3de8          --   Gb  - Linker created -
SDMMC_CmdAppCommand      0x800'1c13   0x16  Code  Gb  stm32l4xx_ll_sdmmc.o [1]
SDMMC_CmdAppOperCommand
                         0x800'1c29    0xc  Code  Gb  stm32l4xx_ll_sdmmc.o [1]
SDMMC_CmdBlockLength     0x800'1ab7   0x16  Code  Gb  stm32l4xx_ll_sdmmc.o [1]
SDMMC_CmdBusWidth        0x800'1c35    0x4  Code  Gb  stm32l4xx_ll_sdmmc.o [1]
SDMMC_CmdGoIdleState     0x800'1ba5   0x46  Code  Gb  stm32l4xx_ll_sdmmc.o [1]
SDMMC_CmdOperCond        0x800'1beb   0x28  Code  Gb  stm32l4xx_ll_sdmmc.o [1]
SDMMC_CmdReadMultiBlock
                         0x800'1ae3   0x16  Code  Gb  stm32l4xx_ll_sdmmc.o [1]
SDMMC_CmdReadSingleBlock
                         0x800'1acd   0x16  Code  Gb  stm32l4xx_ll_sdmmc.o [1]
SDMMC_CmdSelDesel        0x800'1b8b   0x1a  Code  Gb  stm32l4xx_ll_sdmmc.o [1]
SDMMC_CmdSendCID         0x800'1c53   0x20  Code  Gb  stm32l4xx_ll_sdmmc.o [1]
SDMMC_CmdSendCSD         0x800'1c7b   0x1e  Code  Gb  stm32l4xx_ll_sdmmc.o [1]
SDMMC_CmdSendSCR         0x800'1c39   0x1a  Code  Gb  stm32l4xx_ll_sdmmc.o [1]
SDMMC_CmdSendStatus      0x800'1cef   0x16  Code  Gb  stm32l4xx_ll_sdmmc.o [1]
SDMMC_CmdSetRelAdd       0x800'1ca7   0x24  Code  Gb  stm32l4xx_ll_sdmmc.o [1]
SDMMC_CmdStatusRegister
                         0x800'1d05   0x1a  Code  Gb  stm32l4xx_ll_sdmmc.o [1]
SDMMC_CmdStopTransfer    0x800'1b41   0x4a  Code  Gb  stm32l4xx_ll_sdmmc.o [1]
SDMMC_CmdVoltageSwitch   0x800'1d49   0x1a  Code  Gb  stm32l4xx_ll_sdmmc.o [1]
SDMMC_CmdWriteMultiBlock
                         0x800'1b0f   0x16  Code  Gb  stm32l4xx_ll_sdmmc.o [1]
SDMMC_CmdWriteSingleBlock
                         0x800'1af9   0x16  Code  Gb  stm32l4xx_ll_sdmmc.o [1]
SDMMC_ConfigData         0x800'1a8b   0x26  Code  Gb  stm32l4xx_ll_sdmmc.o [1]
SDMMC_GetCmdResp1        0x800'1d63   0xfc  Code  Gb  stm32l4xx_ll_sdmmc.o [1]
SDMMC_GetCmdResp2        0x800'1e5f   0x3a  Code  Gb  stm32l4xx_ll_sdmmc.o [1]
SDMMC_GetCmdResp3        0x800'1e99   0x32  Code  Gb  stm32l4xx_ll_sdmmc.o [1]
SDMMC_GetCmdResp6        0x800'1ee1   0x6a  Code  Gb  stm32l4xx_ll_sdmmc.o [1]
SDMMC_GetCmdResp7        0x800'1f71   0x46  Code  Gb  stm32l4xx_ll_sdmmc.o [1]
SDMMC_GetPowerState      0x800'1a59    0x8  Code  Gb  stm32l4xx_ll_sdmmc.o [1]
SDMMC_GetResponse        0x800'1a85    0x6  Code  Gb  stm32l4xx_ll_sdmmc.o [1]
SDMMC_Init               0x800'1a15   0x24  Code  Gb  stm32l4xx_ll_sdmmc.o [1]
SDMMC_PowerState_ON      0x800'1a45   0x14  Code  Gb  stm32l4xx_ll_sdmmc.o [1]
SDMMC_ReadFIFO           0x800'1a39    0x2  Code  Gb  stm32l4xx_ll_sdmmc.o [1]
SDMMC_SendCommand        0x800'1a61   0x24  Code  Gb  stm32l4xx_ll_sdmmc.o [1]
SDMMC_WriteFIFO          0x800'1a3b    0xa  Code  Gb  stm32l4xx_ll_sdmmc.o [1]
SDPath                  0x2000'0198    0x4  Data  Gb  fatfs.o [1]
SD_CheckStatus           0x800'3b79   0x1a  Code  Lc  sd_diskio.o [1]
SD_Driver                0x800'3e64   0x14  Data  Gb  sd_diskio.o [1]
SD_FindSCR               0x800'0e19   0xe2  Code  Lc  stm32l4xx_hal_sd.o [1]
SD_initialize            0x800'3b93   0x1c  Code  Gb  sd_diskio.o [1]
SD_ioctl                 0x800'3be5   0x4a  Code  Gb  sd_diskio.o [1]
SD_read                  0x800'3bb1   0x12  Code  Gb  sd_diskio.o [1]
SD_status                0x800'3baf    0x2  Code  Gb  sd_diskio.o [1]
SD_write                 0x800'3bc3   0x10  Code  Gb  sd_diskio.o [1]
SVC_Handler              0x800'3df7    0x2  Code  Gb  stm32l4xx_it.o [1]
Stat                    0x2000'0010    0x1  Data  Lc  sd_diskio.o [1]
SysTick_Handler          0x800'3dfd    0x4  Code  Gb  stm32l4xx_it.o [1]
SystemClock_Config       0x800'39a1   0xa0  Code  Gb  main.o [1]
SystemCoreClock         0x2000'000c    0x4  Data  Gb  system_stm32l4xx.o [1]
SystemInit               0x800'3cf9   0x34  Code  Gb  system_stm32l4xx.o [1]
UARTEx_SetNbDataToProcess
                         0x800'3855   0x3e  Code  Lc  stm32l4xx_hal_uart_ex.o [1]
UARTEx_SetNbDataToProcess::denominator
                         0x800'389c    0x8  Data  Lc  stm32l4xx_hal_uart_ex.o [1]
UARTEx_SetNbDataToProcess::numerator
                         0x800'3894    0x8  Data  Lc  stm32l4xx_hal_uart_ex.o [1]
UARTPrescTable           0x800'3298   0x18  Data  Gb  stm32l4xx_hal_uart.o [1]
UART_AdvFeatureConfig    0x800'3041   0xc6  Code  Gb  stm32l4xx_hal_uart.o [1]
UART_CheckIdleState      0x800'3107   0x5c  Code  Gb  stm32l4xx_hal_uart.o [1]
UART_DMAAbortOnError     0x800'3231   0x12  Code  Lc  stm32l4xx_hal_uart.o [1]
UART_EndRxTransfer       0x800'31f1   0x32  Code  Lc  stm32l4xx_hal_uart.o [1]
UART_InitCallbacksToDefault
                         0x800'2d5f   0x4a  Code  Gb  stm32l4xx_hal_uart.o [1]
UART_SetConfig           0x800'2dad  0x28a  Code  Gb  stm32l4xx_hal_uart.o [1]
UART_WaitOnFlagUntilTimeout
                         0x800'3163   0x78  Code  Gb  stm32l4xx_hal_uart.o [1]
USART1_IRQHandler        0x800'3e01    0x6  Code  Gb  stm32l4xx_it.o [1]
UsageFault_Handler       0x800'3df5    0x2  Code  Gb  stm32l4xx_it.o [1]
__NVIC_SetPriority       0x800'2999   0x1a  Code  Lc  stm32l4xx_hal_cortex.o [1]
__aeabi_ldiv0            0x800'34b9         Code  Gb  I64DivZer.o [4]
__aeabi_memset           0x800'27ed         Code  Gb  ABImemset.o [4]
__cmain                  0x800'3e1d         Code  Gb  cmain.o [4]
__exit                   0x800'3e51   0x14  Code  Gb  exit.o [5]
__iar_Memset             0x800'27ed         Code  Gb  ABImemset.o [4]
__iar_Memset_word        0x800'27f5         Code  Gb  ABImemset.o [4]
__iar_copy_init3         0x800'348b   0x2e  Code  Gb  copy_init3.o [4]
__iar_data_init3         0x800'3d79   0x28  Code  Gb  data_init.o [4]
__iar_init_vfp           0x800'3da1         Code  Gb  fpinit_M.o [3]
__iar_program_start      0x800'3eb3         Code  Gb  cstartup_M.o [4]
__iar_small_Memcpy       0x800'1a01         Code  Gb  ABImemcpy_small.o [4]
__iar_small_memcpy       0x800'19fd         Code  Gb  ABImemcpy_small.o [4]
__iar_small_memcpy4      0x800'19fd         Code  Gb  ABImemcpy_small.o [4]
__iar_small_memcpy8      0x800'19fd         Code  Gb  ABImemcpy_small.o [4]
__iar_small_uldivmod     0x800'3385         Code  Gb  I64DivMod_small.o [4]
__iar_zero_init3         0x800'2853   0x3a  Code  Gb  zero_init3.o [4]
__low_level_init         0x800'3e3b    0x4  Code  Gb  low_level_init.o [2]
__vector_table           0x800'0000         Data  Gb  startup_stm32l4s5xx.o [1]
_call_main               0x800'3e29         Code  Gb  cmain.o [4]
_exit                    0x800'3e45         Code  Gb  cexit.o [4]
_main                    0x800'3e37         Code  Gb  cmain.o [4]
disk                    0x2000'0188    0xc  Data  Gb  ff_gen_drv.o [1]
exit                     0x800'3e3f    0x4  Code  Gb  exit.o [2]
hsd1                    0x2000'00dc   0xac  Data  Gb  sdmmc.o [1]
huart1                  0x2000'0014   0xc8  Data  Gb  usart.o [1]
main                     0x800'3985   0x1c  Code  Gb  main.o [1]
memset                   0x800'2005   0x14  Code  Gb  memset.o [4]
retSD                   0x2000'0194    0x1  Data  Gb  fatfs.o [1]
uwTick                  0x2000'0004    0x4  Data  Gb  stm32l4xx_hal.o [1]
uwTickFreq              0x2000'0000    0x1  Data  Gb  stm32l4xx_hal.o [1]
uwTickPrio              0x2000'0008    0x4  Data  Gb  stm32l4xx_hal.o [1]


[1] = D:\freelance\EWARM\Richard\Obj
[2] = dl7M_tlf.a
[3] = m7M_tls.a
[4] = rt7M_tl.a
[5] = shb_l.a

  16'308 bytes of readonly  code memory
     134 bytes of readonly  data memory
   1'433 bytes of readwrite data memory

Errors: none
Warnings: none
