###############################################################################
#
# IAR ELF Linker V8.40.1.212/W32 for ARM                  20/May/2021  15:46:33
# Copyright 2007-2019 IAR Systems AB.
#
#    Output file  =  D:\freelance\EWARM\Richard\Exe\Richard.out
#    Map file     =  D:\freelance\EWARM\Richard\List\Richard.map
#    Command line =
#        -f C:\Users\Dell\AppData\Local\Temp\EW41A2.tmp
#        (D:\freelance\EWARM\Richard\Obj\bsp_driver_sd.o
#        D:\freelance\EWARM\Richard\Obj\diskio.o
#        D:\freelance\EWARM\Richard\Obj\fatfs.o
#        D:\freelance\EWARM\Richard\Obj\fatfs_platform.o
#        D:\freelance\EWARM\Richard\Obj\ff.o
#        D:\freelance\EWARM\Richard\Obj\ff_gen_drv.o
#        D:\freelance\EWARM\Richard\Obj\file_handling.o
#        D:\freelance\EWARM\Richard\Obj\gpio.o
#        D:\freelance\EWARM\Richard\Obj\main.o
#        D:\freelance\EWARM\Richard\Obj\sd_diskio.o
#        D:\freelance\EWARM\Richard\Obj\sdmmc.o
#        D:\freelance\EWARM\Richard\Obj\startup_stm32l4s5xx.o
#        D:\freelance\EWARM\Richard\Obj\stm32l4xx_hal.o
#        D:\freelance\EWARM\Richard\Obj\stm32l4xx_hal_cortex.o
#        D:\freelance\EWARM\Richard\Obj\stm32l4xx_hal_dma.o
#        D:\freelance\EWARM\Richard\Obj\stm32l4xx_hal_dma_ex.o
#        D:\freelance\EWARM\Richard\Obj\stm32l4xx_hal_exti.o
#        D:\freelance\EWARM\Richard\Obj\stm32l4xx_hal_flash.o
#        D:\freelance\EWARM\Richard\Obj\stm32l4xx_hal_flash_ex.o
#        D:\freelance\EWARM\Richard\Obj\stm32l4xx_hal_flash_ramfunc.o
#        D:\freelance\EWARM\Richard\Obj\stm32l4xx_hal_gpio.o
#        D:\freelance\EWARM\Richard\Obj\stm32l4xx_hal_i2c.o
#        D:\freelance\EWARM\Richard\Obj\stm32l4xx_hal_i2c_ex.o
#        D:\freelance\EWARM\Richard\Obj\stm32l4xx_hal_msp.o
#        D:\freelance\EWARM\Richard\Obj\stm32l4xx_hal_pwr.o
#        D:\freelance\EWARM\Richard\Obj\stm32l4xx_hal_pwr_ex.o
#        D:\freelance\EWARM\Richard\Obj\stm32l4xx_hal_rcc.o
#        D:\freelance\EWARM\Richard\Obj\stm32l4xx_hal_rcc_ex.o
#        D:\freelance\EWARM\Richard\Obj\stm32l4xx_hal_sd.o
#        D:\freelance\EWARM\Richard\Obj\stm32l4xx_hal_sd_ex.o
#        D:\freelance\EWARM\Richard\Obj\stm32l4xx_hal_tim.o
#        D:\freelance\EWARM\Richard\Obj\stm32l4xx_hal_tim_ex.o
#        D:\freelance\EWARM\Richard\Obj\stm32l4xx_hal_uart.o
#        D:\freelance\EWARM\Richard\Obj\stm32l4xx_hal_uart_ex.o
#        D:\freelance\EWARM\Richard\Obj\stm32l4xx_it.o
#        D:\freelance\EWARM\Richard\Obj\stm32l4xx_ll_sdmmc.o
#        D:\freelance\EWARM\Richard\Obj\syscall.o
#        D:\freelance\EWARM\Richard\Obj\system_stm32l4xx.o
#        D:\freelance\EWARM\Richard\Obj\UartRingbuffer.o
#        D:\freelance\EWARM\Richard\Obj\usart.o --no_out_extension -o
#        D:\freelance\EWARM\Richard\Exe\Richard.out --redirect
#        _Printf=_PrintfFullNoMb --redirect _Scanf=_ScanfFullNoMb --map
#        D:\freelance\EWARM\Richard\List\Richard.map --config
#        D:\freelance\EWARM/stm32l4s5xx_flash.icf --semihosting --entry
#        __iar_program_start --vfe --text_out locale)
#
###############################################################################

*******************************************************************************
*** RUNTIME MODEL ATTRIBUTES
***

CppFlavor       = *
__SystemLibrary = DLib
__dlib_version  = 6


*******************************************************************************
*** HEAP SELECTION
***

The basic heap was selected because no calls to memory allocation
functions were found in the application outside of system library
functions, and there are calls to deallocation functions in the
application.


*******************************************************************************
*** PLACEMENT SUMMARY
***

"A0":  place at address 0x800'0000 { ro section .intvec };
"P1":  place in [from 0x800'0000 to 0x81f'ffff] { ro };
define block CSTACK with size = 1K, alignment = 8 { };
define block HEAP with size = 512, alignment = 8 { };
"P2":  place in [from 0x2000'0000 to 0x2009'ffff] {
          rw, block CSTACK, block HEAP };
initialize by copy { rw };

  Section            Kind         Address    Size  Object
  -------            ----         -------    ----  ------
"A0":                                       0x1bc
  .intvec            ro code   0x800'0000   0x1bc  startup_stm32l4s5xx.o [1]
                             - 0x800'01bc   0x1bc

"P1":                                      0x7a6f
  .text              ro code   0x800'01bc  0x17f0  ff.o [1]
  .text              ro code   0x800'19ac    0x80  diskio.o [1]
  .text              ro code   0x800'1a2c    0x1c  fatfs.o [1]
  .text              ro code   0x800'1a48    0x40  ff_gen_drv.o [1]
  .text              ro code   0x800'1a88   0xfc6  xprintffull_nomb.o [2]
  .text              ro code   0x800'2a4e    0x3a  zero_init3.o [4]
  .text              ro code   0x800'2a88    0x16  strchr.o [4]
  .text              ro code   0x800'2a9e     0xa  xsprout.o [2]
  .text              ro code   0x800'2aa8    0x40  xfail_s.o [2]
  .text              ro code   0x800'2ae8    0x14  strlen_small.o [4]
  .text              ro code   0x800'2afc    0x58  memchr.o [4]
  .text              ro code   0x800'2b54    0x18  ABImemcpy_small.o [4]
  .text              ro code   0x800'2b6c    0x70  frexp.o [3]
  .text              ro code   0x800'2bdc    0x2e  DblCmpLe.o [3]
  .rodata            const     0x800'2c0a     0x2  xlocale_c.o [2]
  .text              ro code   0x800'2c0c    0x2e  DblCmpGe.o [3]
  .text              ro code   0x800'2c3a     0x2  stm32l4xx_hal_sd.o [1]
  .text              ro code   0x800'2c3c   0x13a  ldexp.o [3]
  .text              ro code   0x800'2d76     0x2  stm32l4xx_hal_sd_ex.o [1]
  .text              ro code   0x800'2d78    0x3a  DblToS32.o [3]
  .text              ro code   0x800'2db2     0x2  stm32l4xx_hal_sd_ex.o [1]
  .text              ro code   0x800'2db4    0x22  S32ToDbl.o [3]
  .text              ro code   0x800'2dd6     0x2  stm32l4xx_hal_sd_ex.o [1]
  .text              ro code   0x800'2dd8    0xe2  DblSub.o [3]
  .text              ro code   0x800'2eba     0x2  stm32l4xx_hal_sd_ex.o [1]
  .text              ro code   0x800'2ebc   0x246  DblDiv.o [3]
  .text              ro code   0x800'3102     0x2  stm32l4xx_hal_uart.o [1]
  .text              ro code   0x800'3104    0x28  DblToU32.o [3]
  .text              ro code   0x800'312c    0x1a  U32ToDbl.o [3]
  .text              ro code   0x800'3146     0x2  stm32l4xx_hal_uart.o [1]
  .text              ro code   0x800'3148   0x1a2  DblMul.o [3]
  .text              ro code   0x800'32ea     0x2  stm32l4xx_hal_uart.o [1]
  .text              ro code   0x800'32ec     0x8  xlocale_c.o [2]
  .text              ro code   0x800'32f4   0x106  I64DivMod_small.o [4]
  .text              ro code   0x800'33fa     0x6  abort.o [2]
  .text              ro code   0x800'3400   0x16a  DblAdd.o [3]
  .text              ro code   0x800'356a     0x2  stm32l4xx_hal_uart.o [1]
  .text              ro code   0x800'356c     0x2  I64DivZer.o [4]
  .text              ro code   0x800'356e     0x2  stm32l4xx_hal_uart.o [1]
  .text              ro code   0x800'3570    0x14  exit.o [5]
  .text              ro code   0x800'3584   0xd8c  stm32l4xx_hal_sd.o [1]
  .text              ro code   0x800'4310     0xc  stm32l4xx_hal.o [1]
  .text              ro code   0x800'431c   0xaa8  stm32l4xx_hal_rcc_ex.o [1]
  .text              ro code   0x800'4dc4   0x5c8  stm32l4xx_ll_sdmmc.o [1]
  .text              ro code   0x800'538c    0x28  stm32l4xx_hal.o [1]
  .text              ro code   0x800'53b4    0x14  memset.o [4]
  .text              ro code   0x800'53c8   0x7d4  stm32l4xx_hal_rcc.o [1]
  .text              ro code   0x800'5b9c    0x66  ABImemset.o [4]
  .text              ro code   0x800'5c02     0x2  stm32l4xx_hal_uart.o [1]
  .text              ro code   0x800'5c04    0x44  stm32l4xx_hal.o [1]
  .text              ro code   0x800'5c48    0xc8  stm32l4xx_hal_pwr_ex.o [1]
  .text              ro code   0x800'5d10    0xc8  stm32l4xx_hal_cortex.o [1]
  .text              ro code   0x800'5dd8   0x68c  file_handling.o [1]
  .text              ro code   0x800'6464     0x6  ABImemclr4.o [4]
  .text              ro code   0x800'646a     0x2  stm32l4xx_hal_uart.o [1]
  .text              ro code   0x800'646c   0x1cc  UartRingbuffer.o [1]
  .text              ro code   0x800'6638    0x40  sprintf.o [2]
  .text              ro code   0x800'6678    0x12  strcmp.o [4]
  .text              ro code   0x800'668a     0x2  stm32l4xx_hal_uart.o [1]
  .text              ro code   0x800'668c    0x32  ABImemset48.o [4]
  .text              ro code   0x800'66be     0x2  stm32l4xx_hal_uart.o [1]
  .text              ro code   0x800'66c0   0x594  stm32l4xx_hal_uart.o [1]
  .text              ro code   0x800'6c54   0x254  main.o [1]
  .text              ro code   0x800'6ea8    0x1e  stm32l4xx_hal.o [1]
  .text              ro code   0x800'6ec6     0x2  stm32l4xx_hal_uart_ex.o [1]
  .text              ro code   0x800'6ec8    0x88  gpio.o [1]
  .text              ro code   0x800'6f50   0x110  sdmmc.o [1]
  .text              ro code   0x800'7060    0xdc  usart.o [1]
  .text              ro code   0x800'713c    0x28  strncmp.o [2]
  .text              ro code   0x800'7164    0x30  stm32l4xx_hal_msp.o [1]
  .text              ro code   0x800'7194   0x1e0  stm32l4xx_hal_gpio.o [1]
  .text              ro code   0x800'7374    0xfa  stm32l4xx_hal_uart_ex.o [1]
  .text              ro code   0x800'746e     0x2  stm32l4xx_hal_uart_ex.o [1]
  .rodata            const     0x800'7470   0x158  file_handling.o [1]
  .text              ro code   0x800'75c8    0xbc  sd_diskio.o [1]
  .text              ro code   0x800'7684    0x18  bsp_driver_sd.o [1]
  .text              ro code   0x800'769c    0x30  bsp_driver_sd.o [1]
  .text              ro code   0x800'76cc    0x20  bsp_driver_sd.o [1]
  .text              ro code   0x800'76ec    0x20  bsp_driver_sd.o [1]
  .text              ro code   0x800'770c     0xc  bsp_driver_sd.o [1]
  .text              ro code   0x800'7718    0x18  bsp_driver_sd.o [1]
  .text              ro code   0x800'7730    0x18  fatfs_platform.o [1]
  .rodata            const     0x800'7748    0x80  ff.o [1]
  .rodata            const     0x800'77c8    0x54  file_handling.o [1]
  .text              ro code   0x800'781c    0x50  system_stm32l4xx.o [1]
  .rodata            const     0x800'786c    0x48  file_handling.o [1]
  .text              ro code   0x800'78b4    0x38  packbits_init_single.o [4]
  .rodata            const     0x800'78ec    0x30  system_stm32l4xx.o [1]
  .text              ro code   0x800'791c    0x28  data_init.o [4]
  .rodata            const     0x800'7944    0x24  file_handling.o [1]
  .rodata            const     0x800'7968    0x24  file_handling.o [1]
  .text              ro code   0x800'798c    0x22  fpinit_M.o [3]
  .iar.init_table    const     0x800'79b0    0x20  - Linker created -
  .rodata            const     0x800'79d0     0x1  xlocale_c.o [2]
  .text              ro code   0x800'79d4    0x20  stm32l4xx_it.o [1]
  .text              ro code   0x800'79f4    0x10  stm32l4xx_hal.o [1]
  .text              ro code   0x800'7a04    0x1e  cmain.o [4]
  .text              ro code   0x800'7a22     0x4  low_level_init.o [2]
  .text              ro code   0x800'7a26     0x4  exit.o [2]
  .text              ro code   0x800'7a2c     0xa  cexit.o [4]
  .rodata            const     0x800'7a38    0x14  sd_diskio.o [1]
  .text              ro code   0x800'7a4c    0x10  startup_stm32l4s5xx.o [1]
  .text              ro code   0x800'7a5c     0xe  bsp_driver_sd.o [1]
  .text              ro code   0x800'7a6a     0x2  bsp_driver_sd.o [1]
  .text              ro code   0x800'7a6c     0x2  bsp_driver_sd.o [1]
  .text              ro code   0x800'7a6e     0xc  cstartup_M.o [4]
  .rodata            const     0x800'7a7c     0x8  system_stm32l4xx.o [1]
  .rodata            const     0x800'7a84     0x8  xprintffull_nomb.o [2]
  .text              ro code   0x800'7a8c     0x4  startup_stm32l4s5xx.o [1]
  .text              ro code   0x800'7a90     0x4  startup_stm32l4s5xx.o [1]
  .text              ro code   0x800'7a94     0x4  startup_stm32l4s5xx.o [1]
  .text              ro code   0x800'7a98     0x4  startup_stm32l4s5xx.o [1]
  .text              ro code   0x800'7a9c     0x4  startup_stm32l4s5xx.o [1]
  .text              ro code   0x800'7aa0     0x4  startup_stm32l4s5xx.o [1]
  .text              ro code   0x800'7aa4     0x4  startup_stm32l4s5xx.o [1]
  .text              ro code   0x800'7aa8     0x4  startup_stm32l4s5xx.o [1]
  .text              ro code   0x800'7aac     0x4  startup_stm32l4s5xx.o [1]
  .text              ro code   0x800'7ab0     0x4  startup_stm32l4s5xx.o [1]
  .text              ro code   0x800'7ab4     0x4  startup_stm32l4s5xx.o [1]
  .text              ro code   0x800'7ab8     0x4  startup_stm32l4s5xx.o [1]
  .text              ro code   0x800'7abc     0x4  startup_stm32l4s5xx.o [1]
  .text              ro code   0x800'7ac0     0x4  startup_stm32l4s5xx.o [1]
  .text              ro code   0x800'7ac4     0x4  startup_stm32l4s5xx.o [1]
  .text              ro code   0x800'7ac8     0x4  startup_stm32l4s5xx.o [1]
  .text              ro code   0x800'7acc     0x4  startup_stm32l4s5xx.o [1]
  .text              ro code   0x800'7ad0     0x4  startup_stm32l4s5xx.o [1]
  .text              ro code   0x800'7ad4     0x4  startup_stm32l4s5xx.o [1]
  .text              ro code   0x800'7ad8     0x4  startup_stm32l4s5xx.o [1]
  .text              ro code   0x800'7adc     0x4  startup_stm32l4s5xx.o [1]
  .text              ro code   0x800'7ae0     0x4  startup_stm32l4s5xx.o [1]
  .text              ro code   0x800'7ae4     0x4  startup_stm32l4s5xx.o [1]
  .text              ro code   0x800'7ae8     0x4  startup_stm32l4s5xx.o [1]
  .text              ro code   0x800'7aec     0x4  startup_stm32l4s5xx.o [1]
  .text              ro code   0x800'7af0     0x4  startup_stm32l4s5xx.o [1]
  .text              ro code   0x800'7af4     0x4  startup_stm32l4s5xx.o [1]
  .text              ro code   0x800'7af8     0x4  startup_stm32l4s5xx.o [1]
  .text              ro code   0x800'7afc     0x4  startup_stm32l4s5xx.o [1]
  .text              ro code   0x800'7b00     0x4  startup_stm32l4s5xx.o [1]
  .text              ro code   0x800'7b04     0x4  startup_stm32l4s5xx.o [1]
  .text              ro code   0x800'7b08     0x4  startup_stm32l4s5xx.o [1]
  .text              ro code   0x800'7b0c     0x4  startup_stm32l4s5xx.o [1]
  .text              ro code   0x800'7b10     0x4  startup_stm32l4s5xx.o [1]
  .text              ro code   0x800'7b14     0x4  startup_stm32l4s5xx.o [1]
  .text              ro code   0x800'7b18     0x4  startup_stm32l4s5xx.o [1]
  .text              ro code   0x800'7b1c     0x4  startup_stm32l4s5xx.o [1]
  .text              ro code   0x800'7b20     0x4  startup_stm32l4s5xx.o [1]
  .text              ro code   0x800'7b24     0x4  startup_stm32l4s5xx.o [1]
  .text              ro code   0x800'7b28     0x4  startup_stm32l4s5xx.o [1]
  .text              ro code   0x800'7b2c     0x4  startup_stm32l4s5xx.o [1]
  .text              ro code   0x800'7b30     0x4  startup_stm32l4s5xx.o [1]
  .text              ro code   0x800'7b34     0x4  startup_stm32l4s5xx.o [1]
  .text              ro code   0x800'7b38     0x4  startup_stm32l4s5xx.o [1]
  .text              ro code   0x800'7b3c     0x4  startup_stm32l4s5xx.o [1]
  .text              ro code   0x800'7b40     0x4  startup_stm32l4s5xx.o [1]
  .text              ro code   0x800'7b44     0x4  startup_stm32l4s5xx.o [1]
  .text              ro code   0x800'7b48     0x4  startup_stm32l4s5xx.o [1]
  .text              ro code   0x800'7b4c     0x4  startup_stm32l4s5xx.o [1]
  .text              ro code   0x800'7b50     0x4  startup_stm32l4s5xx.o [1]
  .text              ro code   0x800'7b54     0x4  startup_stm32l4s5xx.o [1]
  .text              ro code   0x800'7b58     0x4  startup_stm32l4s5xx.o [1]
  .text              ro code   0x800'7b5c     0x4  startup_stm32l4s5xx.o [1]
  .text              ro code   0x800'7b60     0x4  startup_stm32l4s5xx.o [1]
  .text              ro code   0x800'7b64     0x4  startup_stm32l4s5xx.o [1]
  .text              ro code   0x800'7b68     0x4  startup_stm32l4s5xx.o [1]
  .text              ro code   0x800'7b6c     0x4  startup_stm32l4s5xx.o [1]
  .text              ro code   0x800'7b70     0x4  startup_stm32l4s5xx.o [1]
  .text              ro code   0x800'7b74     0x4  startup_stm32l4s5xx.o [1]
  .text              ro code   0x800'7b78     0x4  startup_stm32l4s5xx.o [1]
  .text              ro code   0x800'7b7c     0x4  startup_stm32l4s5xx.o [1]
  .text              ro code   0x800'7b80     0x4  startup_stm32l4s5xx.o [1]
  .text              ro code   0x800'7b84     0x4  startup_stm32l4s5xx.o [1]
  .text              ro code   0x800'7b88     0x4  startup_stm32l4s5xx.o [1]
  .text              ro code   0x800'7b8c     0x4  startup_stm32l4s5xx.o [1]
  .text              ro code   0x800'7b90     0x4  startup_stm32l4s5xx.o [1]
  .text              ro code   0x800'7b94     0x4  startup_stm32l4s5xx.o [1]
  .text              ro code   0x800'7b98     0x4  startup_stm32l4s5xx.o [1]
  .text              ro code   0x800'7b9c     0x4  startup_stm32l4s5xx.o [1]
  .text              ro code   0x800'7ba0     0x4  startup_stm32l4s5xx.o [1]
  .text              ro code   0x800'7ba4     0x4  startup_stm32l4s5xx.o [1]
  .text              ro code   0x800'7ba8     0x4  startup_stm32l4s5xx.o [1]
  .text              ro code   0x800'7bac     0x4  startup_stm32l4s5xx.o [1]
  .text              ro code   0x800'7bb0     0x4  startup_stm32l4s5xx.o [1]
  .text              ro code   0x800'7bb4     0x4  startup_stm32l4s5xx.o [1]
  .text              ro code   0x800'7bb8     0x4  startup_stm32l4s5xx.o [1]
  .text              ro code   0x800'7bbc     0x4  startup_stm32l4s5xx.o [1]
  .text              ro code   0x800'7bc0     0x4  startup_stm32l4s5xx.o [1]
  .text              ro code   0x800'7bc4     0x4  startup_stm32l4s5xx.o [1]
  .text              ro code   0x800'7bc8     0x4  startup_stm32l4s5xx.o [1]
  .text              ro code   0x800'7bcc     0x4  startup_stm32l4s5xx.o [1]
  .text              ro code   0x800'7bd0     0x4  startup_stm32l4s5xx.o [1]
  .text              ro code   0x800'7bd4     0x4  startup_stm32l4s5xx.o [1]
  .text              ro code   0x800'7bd8     0x4  startup_stm32l4s5xx.o [1]
  .text              ro code   0x800'7bdc     0x4  startup_stm32l4s5xx.o [1]
  .text              ro code   0x800'7be0     0x4  startup_stm32l4s5xx.o [1]
  .text              ro code   0x800'7be4     0x4  startup_stm32l4s5xx.o [1]
  .text              ro code   0x800'7be8     0x4  startup_stm32l4s5xx.o [1]
  .text              ro code   0x800'7bec     0x2  stm32l4xx_hal_sd_ex.o [1]
  .rodata            const     0x800'7bee     0x0  zero_init3.o [4]
  .rodata            const     0x800'7bee     0x0  packbits_init_single.o [4]
  Initializer bytes  const     0x800'7bee    0x3d  <for P2-1>
                             - 0x800'7c2b  0x7a6f

"P2", part 1 of 3:                           0x49
  P2-1                        0x2000'0000    0x49  <Init block>
    .data            inited   0x2000'0000     0xc  stm32l4xx_hal.o [1]
    .data            inited   0x2000'000c     0x4  system_stm32l4xx.o [1]
    .data            inited   0x2000'0010    0x38  xlocale_c.o [2]
    .data            inited   0x2000'0048     0x1  sd_diskio.o [1]
                            - 0x2000'0049    0x49

"P2", part 2 of 3:                         0x238c
  .bss               zero     0x2000'004c  0x10d8  file_handling.o [1]
  .bss               zero     0x2000'1124  0x1030  file_handling.o [1]
  .bss               zero     0x2000'2154    0xc8  usart.o [1]
  .bss               zero     0x2000'221c    0xac  sdmmc.o [1]
  .bss               zero     0x2000'22c8    0x9c  UartRingbuffer.o [1]
  .bss               zero     0x2000'2364    0x20  ff.o [1]
  .bss               zero     0x2000'2384    0x20  file_handling.o [1]
  .bss               zero     0x2000'23a4    0x10  file_handling.o [1]
  .bss               zero     0x2000'23b4     0xc  ff_gen_drv.o [1]
  .bss               zero     0x2000'23c0     0x8  fatfs.o [1]
  .bss               zero     0x2000'23c8     0x8  ff.o [1]
  .bss               zero     0x2000'23d0     0x4  xfail_s.o [2]
  .bss               zero     0x2000'23d4     0x1  main.o [1]
                            - 0x2000'23d5  0x2389

"P2", part 3 of 3:                          0x400
  CSTACK                      0x2000'23d8   0x400  <Block>
    CSTACK           uninit   0x2000'23d8   0x400  <Block tail>
                            - 0x2000'27d8   0x400

Unused ranges:

         From           To       Size
         ----           --       ----
   0x800'7c2b   0x81f'ffff  0x1f'83d5
  0x2000'0049  0x2000'004b        0x3
  0x2000'27d8  0x2009'ffff   0x9'd828


*******************************************************************************
*** INIT TABLE
***

          Address      Size
          -------      ----
Zero (__iar_zero_init3)
    1 destination range, total size 0x2389:
          0x2000'004c  0x2389

Copy/packbits (__iar_packbits_init_single3)
    1 source range, total size 0x3d (83% of destination):
           0x800'7bee    0x3d
    1 destination range, total size 0x49:
          0x2000'0000    0x49



*******************************************************************************
*** MODULE SUMMARY
***

    Module                   ro code  ro data  rw data
    ------                   -------  -------  -------
command line/config:
    --------------------------------------------------
    Total:

D:\freelance\EWARM\Richard\Obj: [1]
    UartRingbuffer.o             460               156
    bsp_driver_sd.o              190
    diskio.o                     128
    fatfs.o                       28                 8
    fatfs_platform.o              24
    ff.o                       6'128      128       40
    ff_gen_drv.o                  64                12
    file_handling.o            1'676      572    8'504
    gpio.o                       136
    main.o                       596                 1
    sd_diskio.o                  188       21        1
    sdmmc.o                      272               172
    startup_stm32l4s5xx.o        812
    stm32l4xx_hal.o              166       10       12
    stm32l4xx_hal_cortex.o       200
    stm32l4xx_hal_gpio.o         480
    stm32l4xx_hal_msp.o           48
    stm32l4xx_hal_pwr_ex.o       200
    stm32l4xx_hal_rcc.o        2'004
    stm32l4xx_hal_rcc_ex.o     2'728
    stm32l4xx_hal_sd.o         3'470
    stm32l4xx_hal_sd_ex.o         10
    stm32l4xx_hal_uart.o       1'446
    stm32l4xx_hal_uart_ex.o      254
    stm32l4xx_it.o                32
    stm32l4xx_ll_sdmmc.o       1'480
    system_stm32l4xx.o            80       59        4
    usart.o                      220               200
    --------------------------------------------------
    Total:                    23'520      790    9'110

dl7M_tlf.a: [2]
    abort.o                        6
    exit.o                         4
    low_level_init.o               4
    sprintf.o                     64
    strncmp.o                     40
    xfail_s.o                     64                 4
    xlocale_c.o                    8       50       56
    xprintffull_nomb.o         4'038        8
    xsprout.o                     10
    --------------------------------------------------
    Total:                     4'238       58       60

m7M_tls.a: [3]
    DblAdd.o                     362
    DblCmpGe.o                    46
    DblCmpLe.o                    46
    DblDiv.o                     582
    DblMul.o                     418
    DblSub.o                     226
    DblToS32.o                    58
    DblToU32.o                    40
    S32ToDbl.o                    34
    U32ToDbl.o                    26
    fpinit_M.o                    34
    frexp.o                      112
    ldexp.o                      314
    --------------------------------------------------
    Total:                     2'298

rt7M_tl.a: [4]
    ABImemclr4.o                   6
    ABImemcpy_small.o             24
    ABImemset.o                  102
    ABImemset48.o                 50
    I64DivMod_small.o            262
    I64DivZer.o                    2
    cexit.o                       10
    cmain.o                       30
    cstartup_M.o                  12
    data_init.o                   40
    memchr.o                      88
    memset.o                      20
    packbits_init_single.o        56
    strchr.o                      22
    strcmp.o                      18
    strlen_small.o                20
    zero_init3.o                  58
    --------------------------------------------------
    Total:                       820

shb_l.a: [5]
    exit.o                        20
    --------------------------------------------------
    Total:                        20

    Gaps                           5        6
    Linker created                         32    1'024
------------------------------------------------------
    Grand Total:              30'901      886   10'194


*******************************************************************************
*** ENTRY LIST
***

Entry                       Address    Size  Type      Object
-----                       -------    ----  ----      ------
.iar.init_table$$Base    0x800'79b0           --   Gb  - Linker created -
.iar.init_table$$Limit   0x800'79d0           --   Gb  - Linker created -
?main                    0x800'7a05          Code  Gb  cmain.o [4]
AHBPrescTable            0x800'785c    0x10  Data  Gb  system_stm32l4xx.o [1]
APBPrescTable            0x800'7a7c     0x8  Data  Gb  system_stm32l4xx.o [1]
BSP_PlatformIsDetected   0x800'7731    0x18  Code  Gb  fatfs_platform.o [1]
BSP_SD_GetCardInfo       0x800'770d     0xc  Code  Wk  bsp_driver_sd.o [1]
BSP_SD_GetCardState      0x800'7685    0x18  Code  Wk  bsp_driver_sd.o [1]
BSP_SD_Init              0x800'769d    0x30  Code  Wk  bsp_driver_sd.o [1]
BSP_SD_ReadBlocks        0x800'76cd    0x20  Code  Wk  bsp_driver_sd.o [1]
BSP_SD_WriteBlocks       0x800'76ed    0x20  Code  Wk  bsp_driver_sd.o [1]
BusFault_Handler         0x800'79db     0x2  Code  Gb  stm32l4xx_it.o [1]
CSTACK$$Base            0x2000'23d8           --   Gb  - Linker created -
CSTACK$$Limit           0x2000'27d8           --   Gb  - Linker created -
DebugMon_Handler         0x800'79e1     0x2  Code  Gb  stm32l4xx_it.o [1]
Error_Handler            0x800'6e69     0x4  Code  Gb  main.o [1]
ExCvt                    0x800'7748    0x80  Data  Lc  ff.o [1]
FATFS_LinkDriver         0x800'1a81     0x4  Code  Gb  ff_gen_drv.o [1]
FATFS_LinkDriverEx       0x800'1a49    0x38  Code  Gb  ff_gen_drv.o [1]
FatFs                   0x2000'23cc     0x4  Data  Lc  ff.o [1]
Files                   0x2000'2364    0x20  Data  Lc  ff.o [1]
Fsid                    0x2000'23c8     0x2  Data  Lc  ff.o [1]
Get_string               0x800'652d    0x4a  Code  Gb  UartRingbuffer.o [1]
HAL_Delay                0x800'538d    0x28  Code  Wk  stm32l4xx_hal.o [1]
HAL_GPIO_Init            0x800'7195   0x1aa  Code  Gb  stm32l4xx_hal_gpio.o [1]
HAL_GPIO_ReadPin         0x800'733f     0xc  Code  Gb  stm32l4xx_hal_gpio.o [1]
HAL_GetTick              0x800'4311     0xc  Code  Wk  stm32l4xx_hal.o [1]
HAL_IncTick              0x800'79f5    0x10  Code  Wk  stm32l4xx_hal.o [1]
HAL_Init                 0x800'6ea9    0x1e  Code  Gb  stm32l4xx_hal.o [1]
HAL_InitTick             0x800'5c05    0x44  Code  Wk  stm32l4xx_hal.o [1]
HAL_MspInit              0x800'7165    0x30  Code  Gb  stm32l4xx_hal_msp.o [1]
HAL_NVIC_EnableIRQ       0x800'5d81    0x16  Code  Gb  stm32l4xx_hal_cortex.o [1]
HAL_NVIC_SetPriority     0x800'5d45    0x3a  Code  Gb  stm32l4xx_hal_cortex.o [1]
HAL_NVIC_SetPriorityGrouping
                         0x800'5d2b    0x1a  Code  Gb  stm32l4xx_hal_cortex.o [1]
HAL_PWREx_ControlVoltageScaling
                         0x800'5c73    0x52  Code  Gb  stm32l4xx_hal_pwr_ex.o [1]
HAL_PWREx_GetVoltageRange
                         0x800'5c49    0x2a  Code  Gb  stm32l4xx_hal_pwr_ex.o [1]
HAL_RCCEx_GetPeriphCLKFreq
                         0x800'46b9   0x40c  Code  Gb  stm32l4xx_hal_rcc_ex.o [1]
HAL_RCCEx_PeriphCLKConfig
                         0x800'431d   0x37e  Code  Gb  stm32l4xx_hal_rcc_ex.o [1]
HAL_RCC_ClockConfig      0x800'5873   0x190  Code  Gb  stm32l4xx_hal_rcc.o [1]
HAL_RCC_GetPCLK1Freq     0x800'5abf    0x10  Code  Gb  stm32l4xx_hal_rcc.o [1]
HAL_RCC_GetPCLK2Freq     0x800'5acf     0xe  Code  Gb  stm32l4xx_hal_rcc.o [1]
HAL_RCC_GetSysClockFreq
                         0x800'5a2d    0x92  Code  Gb  stm32l4xx_hal_rcc.o [1]
HAL_RCC_OscConfig        0x800'53c9   0x47e  Code  Gb  stm32l4xx_hal_rcc.o [1]
HAL_SDEx_DriveTransceiver_1_8V_Callback
                         0x800'7bed     0x2  Code  Wk  stm32l4xx_hal_sd_ex.o [1]
HAL_SDEx_Read_DMADoubleBuffer0CpltCallback
                         0x800'2d77     0x2  Code  Wk  stm32l4xx_hal_sd_ex.o [1]
HAL_SDEx_Read_DMADoubleBuffer1CpltCallback
                         0x800'2db3     0x2  Code  Wk  stm32l4xx_hal_sd_ex.o [1]
HAL_SDEx_Write_DMADoubleBuffer0CpltCallback
                         0x800'2dd7     0x2  Code  Wk  stm32l4xx_hal_sd_ex.o [1]
HAL_SDEx_Write_DMADoubleBuffer1CpltCallback
                         0x800'2ebb     0x2  Code  Wk  stm32l4xx_hal_sd_ex.o [1]
HAL_SD_AbortCallback     0x800'7a5d     0x4  Code  Gb  bsp_driver_sd.o [1]
HAL_SD_ConfigWideBusOperation
                         0x800'4013   0x188  Code  Gb  stm32l4xx_hal_sd.o [1]
HAL_SD_GetCardCSD        0x800'3c85   0x1c8  Code  Gb  stm32l4xx_hal_sd.o [1]
HAL_SD_GetCardInfo       0x800'3fef    0x24  Code  Gb  stm32l4xx_hal_sd.o [1]
HAL_SD_GetCardState      0x800'41ad    0x28  Code  Gb  stm32l4xx_hal_sd.o [1]
HAL_SD_GetCardStatus     0x800'3e4d   0x192  Code  Gb  stm32l4xx_hal_sd.o [1]
HAL_SD_Init              0x800'3585    0xe4  Code  Gb  stm32l4xx_hal_sd.o [1]
HAL_SD_InitCard          0x800'3669   0x284  Code  Gb  stm32l4xx_hal_sd.o [1]
HAL_SD_MspInit           0x800'6f6f    0xc0  Code  Gb  sdmmc.o [1]
HAL_SD_ReadBlocks        0x800'38f5   0x16c  Code  Gb  stm32l4xx_hal_sd.o [1]
HAL_SD_RxCpltCallback    0x800'7a65     0x4  Code  Gb  bsp_driver_sd.o [1]
HAL_SD_TxCpltCallback    0x800'7a61     0x4  Code  Gb  bsp_driver_sd.o [1]
HAL_SD_WriteBlocks       0x800'3a61   0x176  Code  Gb  stm32l4xx_hal_sd.o [1]
HAL_SYSTICK_Config       0x800'5d97    0x28  Code  Gb  stm32l4xx_hal_cortex.o [1]
HAL_UARTEx_DisableFifoMode
                         0x800'7375    0x3c  Code  Gb  stm32l4xx_hal_uart_ex.o [1]
HAL_UARTEx_RxFifoFullCallback
                         0x800'6ec7     0x2  Code  Wk  stm32l4xx_hal_uart_ex.o [1]
HAL_UARTEx_SetRxFifoThreshold
                         0x800'73c7    0x14  Code  Gb  stm32l4xx_hal_uart_ex.o [1]
HAL_UARTEx_SetTxFifoThreshold
                         0x800'73b1    0x16  Code  Gb  stm32l4xx_hal_uart_ex.o [1]
HAL_UARTEx_TxFifoEmptyCallback
                         0x800'746f     0x2  Code  Wk  stm32l4xx_hal_uart_ex.o [1]
HAL_UARTEx_WakeupCallback
                         0x800'746d     0x2  Code  Wk  stm32l4xx_hal_uart_ex.o [1]
HAL_UART_Init            0x800'66c1    0x34  Code  Gb  stm32l4xx_hal_uart.o [1]
HAL_UART_MspInit         0x800'70bf    0x72  Code  Gb  usart.o [1]
HardFault_Handler        0x800'79d7     0x2  Code  Gb  stm32l4xx_it.o [1]
IsDataAvailable          0x800'64fb    0x1c  Code  Gb  UartRingbuffer.o [1]
MSIRangeTable            0x800'78ec    0x30  Data  Gb  system_stm32l4xx.o [1]
MX_FATFS_Init            0x800'1a2d    0x10  Code  Gb  fatfs.o [1]
MX_GPIO_Init             0x800'6ec9    0x88  Code  Gb  gpio.o [1]
MX_SDMMC1_SD_Init        0x800'6f51    0x1e  Code  Gb  sdmmc.o [1]
MX_USART1_UART_Init      0x800'7061    0x5e  Code  Gb  usart.o [1]
MemManage_Handler        0x800'79d9     0x2  Code  Gb  stm32l4xx_it.o [1]
NMI_Handler              0x800'79d5     0x2  Code  Gb  stm32l4xx_it.o [1]
PendSV_Handler           0x800'79e3     0x2  Code  Gb  stm32l4xx_it.o [1]
RCCEx_GetSAIxPeriphCLKFreq
                         0x800'4cb9    0xd4  Code  Lc  stm32l4xx_hal_rcc_ex.o [1]
RCCEx_PLLSAI1_Config     0x800'4af1    0xb0  Code  Lc  stm32l4xx_hal_rcc_ex.o [1]
RCCEx_PLLSAI2_Config     0x800'4ba1    0xae  Code  Lc  stm32l4xx_hal_rcc_ex.o [1]
RCC_SetFlashLatencyFromMSIRange
                         0x800'5ae7    0x6e  Code  Lc  stm32l4xx_hal_rcc.o [1]
Region$$Table$$Base      0x800'79b0           --   Gb  - Linker created -
Region$$Table$$Limit     0x800'79d0           --   Gb  - Linker created -
Ringbuf_init             0x800'646d    0x22  Code  Gb  UartRingbuffer.o [1]
SDMMC_CmdAppCommand      0x800'4fc3    0x16  Code  Gb  stm32l4xx_ll_sdmmc.o [1]
SDMMC_CmdAppOperCommand
                         0x800'4fd9     0xc  Code  Gb  stm32l4xx_ll_sdmmc.o [1]
SDMMC_CmdBlockLength     0x800'4e67    0x16  Code  Gb  stm32l4xx_ll_sdmmc.o [1]
SDMMC_CmdBusWidth        0x800'4fe5     0x4  Code  Gb  stm32l4xx_ll_sdmmc.o [1]
SDMMC_CmdGoIdleState     0x800'4f55    0x46  Code  Gb  stm32l4xx_ll_sdmmc.o [1]
SDMMC_CmdOperCond        0x800'4f9b    0x28  Code  Gb  stm32l4xx_ll_sdmmc.o [1]
SDMMC_CmdReadMultiBlock
                         0x800'4e93    0x16  Code  Gb  stm32l4xx_ll_sdmmc.o [1]
SDMMC_CmdReadSingleBlock
                         0x800'4e7d    0x16  Code  Gb  stm32l4xx_ll_sdmmc.o [1]
SDMMC_CmdSelDesel        0x800'4f3b    0x1a  Code  Gb  stm32l4xx_ll_sdmmc.o [1]
SDMMC_CmdSendCID         0x800'5003    0x20  Code  Gb  stm32l4xx_ll_sdmmc.o [1]
SDMMC_CmdSendCSD         0x800'502b    0x1e  Code  Gb  stm32l4xx_ll_sdmmc.o [1]
SDMMC_CmdSendSCR         0x800'4fe9    0x1a  Code  Gb  stm32l4xx_ll_sdmmc.o [1]
SDMMC_CmdSendStatus      0x800'509f    0x16  Code  Gb  stm32l4xx_ll_sdmmc.o [1]
SDMMC_CmdSetRelAdd       0x800'5057    0x24  Code  Gb  stm32l4xx_ll_sdmmc.o [1]
SDMMC_CmdStatusRegister
                         0x800'50b5    0x1a  Code  Gb  stm32l4xx_ll_sdmmc.o [1]
SDMMC_CmdStopTransfer    0x800'4ef1    0x4a  Code  Gb  stm32l4xx_ll_sdmmc.o [1]
SDMMC_CmdVoltageSwitch   0x800'50f9    0x1a  Code  Gb  stm32l4xx_ll_sdmmc.o [1]
SDMMC_CmdWriteMultiBlock
                         0x800'4ebf    0x16  Code  Gb  stm32l4xx_ll_sdmmc.o [1]
SDMMC_CmdWriteSingleBlock
                         0x800'4ea9    0x16  Code  Gb  stm32l4xx_ll_sdmmc.o [1]
SDMMC_ConfigData         0x800'4e3b    0x26  Code  Gb  stm32l4xx_ll_sdmmc.o [1]
SDMMC_GetCmdResp1        0x800'5113    0xfc  Code  Gb  stm32l4xx_ll_sdmmc.o [1]
SDMMC_GetCmdResp2        0x800'520f    0x3a  Code  Gb  stm32l4xx_ll_sdmmc.o [1]
SDMMC_GetCmdResp3        0x800'5249    0x32  Code  Gb  stm32l4xx_ll_sdmmc.o [1]
SDMMC_GetCmdResp6        0x800'5291    0x6a  Code  Gb  stm32l4xx_ll_sdmmc.o [1]
SDMMC_GetCmdResp7        0x800'5321    0x46  Code  Gb  stm32l4xx_ll_sdmmc.o [1]
SDMMC_GetPowerState      0x800'4e09     0x8  Code  Gb  stm32l4xx_ll_sdmmc.o [1]
SDMMC_GetResponse        0x800'4e35     0x6  Code  Gb  stm32l4xx_ll_sdmmc.o [1]
SDMMC_Init               0x800'4dc5    0x24  Code  Gb  stm32l4xx_ll_sdmmc.o [1]
SDMMC_PowerState_ON      0x800'4df5    0x14  Code  Gb  stm32l4xx_ll_sdmmc.o [1]
SDMMC_ReadFIFO           0x800'4de9     0x2  Code  Gb  stm32l4xx_ll_sdmmc.o [1]
SDMMC_SendCommand        0x800'4e11    0x24  Code  Gb  stm32l4xx_ll_sdmmc.o [1]
SDMMC_WriteFIFO          0x800'4deb     0xa  Code  Gb  stm32l4xx_ll_sdmmc.o [1]
SDPath                  0x2000'23c4     0x4  Data  Gb  fatfs.o [1]
SD_CheckStatus           0x800'75c9    0x1a  Code  Lc  sd_diskio.o [1]
SD_Driver                0x800'7a38    0x14  Data  Gb  sd_diskio.o [1]
SD_FindSCR               0x800'41e1    0xe2  Code  Lc  stm32l4xx_hal_sd.o [1]
SD_initialize            0x800'75e3    0x1c  Code  Gb  sd_diskio.o [1]
SD_ioctl                 0x800'7635    0x4a  Code  Gb  sd_diskio.o [1]
SD_read                  0x800'7601    0x12  Code  Gb  sd_diskio.o [1]
SD_status                0x800'75ff     0x2  Code  Gb  sd_diskio.o [1]
SD_write                 0x800'7613    0x10  Code  Gb  sd_diskio.o [1]
SVC_Handler              0x800'79df     0x2  Code  Gb  stm32l4xx_it.o [1]
Stat                    0x2000'0048     0x1  Data  Lc  sd_diskio.o [1]
SysTick_Handler          0x800'79e5     0x4  Code  Gb  stm32l4xx_it.o [1]
SystemClock_Config       0x800'6db7    0x9a  Code  Gb  main.o [1]
SystemCoreClock         0x2000'000c     0x4  Data  Gb  system_stm32l4xx.o [1]
SystemInit               0x800'781d    0x34  Code  Gb  system_stm32l4xx.o [1]
UARTEx_SetNbDataToProcess
                         0x800'741d    0x3e  Code  Lc  stm32l4xx_hal_uart_ex.o [1]
UARTEx_SetNbDataToProcess::denominator
                         0x800'7464     0x8  Data  Lc  stm32l4xx_hal_uart_ex.o [1]
UARTEx_SetNbDataToProcess::numerator
                         0x800'745c     0x8  Data  Lc  stm32l4xx_hal_uart_ex.o [1]
UARTPrescTable           0x800'6c3c    0x18  Data  Gb  stm32l4xx_hal_uart.o [1]
UART_AdvFeatureConfig    0x800'6a39    0xc6  Code  Gb  stm32l4xx_hal_uart.o [1]
UART_CheckIdleState      0x800'6aff    0x5c  Code  Gb  stm32l4xx_hal_uart.o [1]
UART_InitCallbacksToDefault
                         0x800'6759    0x4a  Code  Gb  stm32l4xx_hal_uart.o [1]
UART_SetConfig           0x800'67a9   0x28a  Code  Gb  stm32l4xx_hal_uart.o [1]
UART_WaitOnFlagUntilTimeout
                         0x800'6b5b    0x78  Code  Gb  stm32l4xx_hal_uart.o [1]
USART1_IRQHandler        0x800'79e9     0x6  Code  Gb  stm32l4xx_it.o [1]
Uart_isr                 0x800'65df    0x50  Code  Gb  UartRingbuffer.o [1]
Uart_read                0x800'64a9    0x22  Code  Gb  UartRingbuffer.o [1]
Uart_sendstring          0x800'6517    0x16  Code  Gb  UartRingbuffer.o [1]
Uart_write               0x800'64cb    0x30  Code  Gb  UartRingbuffer.o [1]
UsageFault_Handler       0x800'79dd     0x2  Code  Gb  stm32l4xx_it.o [1]
_LitobFullNoMb           0x800'2849   0x10a  Code  Lc  xprintffull_nomb.o [2]
_Locale_lconv           0x2000'0010    0x38  Data  Lc  xlocale_c.o [2]
_PrintfFullNoMb          0x800'1a89   0xd9c  Code  Gb  xprintffull_nomb.o [2]
_PutcharFullNoMb         0x800'29b9    0x20  Code  Lc  xprintffull_nomb.o [2]
_PutcharsFullNoMb        0x800'29d9    0x2e  Code  Lc  xprintffull_nomb.o [2]
_SProut                  0x800'2a9f     0xa  Code  Gb  xsprout.o [2]
__NVIC_SetPriority       0x800'5d11    0x1a  Code  Lc  stm32l4xx_hal_cortex.o [1]
__aeabi_cdcmple          0x800'2bdd          Code  Gb  DblCmpLe.o [3]
__aeabi_cdrcmple         0x800'2c0d          Code  Gb  DblCmpGe.o [3]
__aeabi_d2iz             0x800'2d79          Code  Gb  DblToS32.o [3]
__aeabi_d2uiz            0x800'3105          Code  Gb  DblToU32.o [3]
__aeabi_ddiv             0x800'2ebd          Code  Gb  DblDiv.o [3]
__aeabi_dmul             0x800'3149          Code  Gb  DblMul.o [3]
__aeabi_dsub             0x800'2dd9          Code  Gb  DblSub.o [3]
__aeabi_i2d              0x800'2db5          Code  Gb  S32ToDbl.o [3]
__aeabi_ldiv0            0x800'356d          Code  Gb  I64DivZer.o [4]
__aeabi_memclr4          0x800'6465          Code  Gb  ABImemclr4.o [4]
__aeabi_memset           0x800'5b9d          Code  Gb  ABImemset.o [4]
__aeabi_ui2d             0x800'312d          Code  Gb  U32ToDbl.o [3]
__cmain                  0x800'7a05          Code  Gb  cmain.o [4]
__exit                   0x800'3571    0x14  Code  Gb  exit.o [5]
__iar_Fail_s             0x800'2aa9    0x1c  Code  Gb  xfail_s.o [2]
__iar_Memchr             0x800'2afd          Code  Gb  memchr.o [4]
__iar_Memset             0x800'5b9d          Code  Gb  ABImemset.o [4]
__iar_Memset4_word       0x800'668d          Code  Gb  ABImemset48.o [4]
__iar_Memset8_word       0x800'668d          Code  Gb  ABImemset48.o [4]
__iar_Memset_word        0x800'5ba5          Code  Gb  ABImemset.o [4]
__iar_Strchr             0x800'2a89          Code  Gb  strchr.o [4]
__iar_dadd               0x800'2de9          Code  Gb  DblSub.o [3]
__iar_data_init3         0x800'791d    0x28  Code  Gb  data_init.o [4]
__iar_dsub               0x800'3401          Code  Gb  DblAdd.o [3]
__iar_dsubStart          0x800'3413          Code  Gb  DblAdd.o [3]
__iar_frexp              0x800'2b79          Code  Gb  frexp.o [3]
__iar_frexpl             0x800'2b79          Code  Gb  frexp.o [3]
__iar_init_vfp           0x800'798d          Code  Gb  fpinit_M.o [3]
__iar_ldexp64            0x800'2c3d          Code  Gb  ldexp.o [3]
__iar_packbits_init_single3
                         0x800'78b5    0x38  Code  Gb  packbits_init_single.o [4]
__iar_program_start      0x800'7a6f          Code  Gb  cstartup_M.o [4]
__iar_scalbln64          0x800'2c3d          Code  Gb  ldexp.o [3]
__iar_scalbn64           0x800'2c3d          Code  Gb  ldexp.o [3]
__iar_small_Memcpy       0x800'2b59          Code  Gb  ABImemcpy_small.o [4]
__iar_small_memcpy       0x800'2b55          Code  Gb  ABImemcpy_small.o [4]
__iar_small_memcpy4      0x800'2b55          Code  Gb  ABImemcpy_small.o [4]
__iar_small_memcpy8      0x800'2b55          Code  Gb  ABImemcpy_small.o [4]
__iar_small_strlen       0x800'2ae9          Code  Gb  strlen_small.o [4]
__iar_small_uldivmod     0x800'32f5          Code  Gb  I64DivMod_small.o [4]
__iar_softfp___iar_frexp64
                         0x800'2b6d          Code  Gb  frexp.o [3]
__iar_softfp_frexp       0x800'2b6d          Code  Gb  frexp.o [3]
__iar_softfp_frexpl      0x800'2b6d          Code  Gb  frexp.o [3]
__iar_zero_init3         0x800'2a4f    0x3a  Code  Gb  zero_init3.o [4]
__low_level_init         0x800'7a23     0x4  Code  Gb  low_level_init.o [2]
__vector_table           0x800'0000          Data  Gb  startup_stm32l4s5xx.o [1]
_call_main               0x800'7a11          Code  Gb  cmain.o [4]
_exit                    0x800'7a2d          Code  Gb  cexit.o [4]
_main                    0x800'7a1f          Code  Gb  cmain.o [4]
_rx_buffer              0x2000'2314     0x4  Data  Gb  UartRingbuffer.o [1]
_tx_buffer              0x2000'2318     0x4  Data  Gb  UartRingbuffer.o [1]
abort                    0x800'33fb     0x6  Code  Gb  abort.o [2]
br                      0x2000'111c     0x4  Data  Gb  file_handling.o [1]
buffer                  0x2000'0068    0x80  Data  Gb  file_handling.o [1]
bufsize                  0x800'5dd9    0x12  Code  Gb  file_handling.o [1]
bw                      0x2000'1120     0x4  Data  Gb  file_handling.o [1]
check_file               0x800'6185    0xb6  Code  Gb  file_handling.o [1]
check_fs                 0x800'0c43    0x6c  Code  Lc  ff.o [1]
check_sd                 0x800'6111    0x70  Code  Gb  file_handling.o [1]
chk_lock                 0x800'020b    0x5a  Code  Lc  ff.o [1]
clear_buffer             0x800'5deb     0xa  Code  Gb  file_handling.o [1]
clear_lock               0x800'030f    0x1c  Code  Lc  ff.o [1]
clear_path               0x800'5df5     0xa  Code  Gb  file_handling.o [1]
clmt_clust               0x800'0741    0x2e  Code  Lc  ff.o [1]
clust2sect               0x800'0429    0x1a  Code  Lc  ff.o [1]
cmd                     0x2000'23d4     0x1  Data  Gb  main.o [1]
cmdlength                0x800'5e0b    0x12  Code  Gb  file_handling.o [1]
create_chain             0x800'0699    0xa2  Code  Lc  ff.o [1]
create_dir               0x800'60df    0x1a  Code  Gb  file_handling.o [1]
create_file              0x800'6017    0x4e  Code  Gb  file_handling.o [1]
dec_lock                 0x800'02d9    0x36  Code  Lc  ff.o [1]
dir_next                 0x800'07fd    0xec  Code  Lc  ff.o [1]
dir_read                 0x800'093b    0x5e  Code  Lc  ff.o [1]
dir_register             0x800'0999    0x72  Code  Lc  ff.o [1]
dir_remove               0x800'0a0b    0x1c  Code  Lc  ff.o [1]
dir_sdi                  0x800'076f    0x8e  Code  Lc  ff.o [1]
disk                    0x2000'23b4     0xc  Data  Gb  ff_gen_drv.o [1]
disk_initialize          0x800'19bf    0x26  Code  Gb  diskio.o [1]
disk_ioctl               0x800'1a0d    0x1a  Code  Gb  diskio.o [1]
disk_read                0x800'19e5     0xc  Code  Gb  diskio.o [1]
disk_status              0x800'19ad    0x12  Code  Gb  diskio.o [1]
disk_write               0x800'19f1     0xc  Code  Gb  diskio.o [1]
exit                     0x800'7a27     0x4  Code  Gb  exit.o [2]
f_close                  0x800'157b    0x28  Code  Gb  ff.o [1]
f_closedir               0x800'1637    0x1e  Code  Gb  ff.o [1]
f_getfree                0x800'16db    0xd4  Code  Gb  ff.o [1]
f_mkdir                  0x800'1849   0x146  Code  Gb  ff.o [1]
f_mount                  0x800'0f75    0x58  Code  Gb  ff.o [1]
f_open                   0x800'0fd5   0x20a  Code  Gb  ff.o [1]
f_opendir                0x800'15b5    0x82  Code  Gb  ff.o [1]
f_read                   0x800'11f5   0x14e  Code  Gb  ff.o [1]
f_readdir                0x800'165d    0x42  Code  Gb  ff.o [1]
f_stat                   0x800'169f    0x3c  Code  Gb  ff.o [1]
f_sync                   0x800'14ef    0x7c  Code  Gb  ff.o [1]
f_unlink                 0x800'17af    0x9a  Code  Gb  ff.o [1]
f_write                  0x800'1349   0x17e  Code  Gb  ff.o [1]
fil                     0x2000'1124  0x1030  Data  Gb  file_handling.o [1]
find_volume              0x800'0cb5   0x27e  Code  Lc  ff.o [1]
fno                     0x2000'004c    0x18  Data  Gb  file_handling.o [1]
follow_path              0x800'0a8b   0x166  Code  Lc  ff.o [1]
fre_clust               0x2000'23a8     0x4  Data  Gb  file_handling.o [1]
free_space              0x2000'23b0     0x4  Data  Gb  file_handling.o [1]
fresult                 0x2000'0064     0x1  Data  Gb  file_handling.o [1]
fs                      0x2000'00e8  0x1034  Data  Gb  file_handling.o [1]
get_fat                  0x800'0443    0xb0  Code  Lc  ff.o [1]
get_fattime              0x800'1a45     0x4  Code  Gb  fatfs.o [1]
get_fileinfo             0x800'0a27    0x64  Code  Lc  ff.o [1]
get_ldnumber             0x800'0c01    0x42  Code  Lc  ff.o [1]
get_path                 0x800'5e1d    0x38  Code  Gb  file_handling.o [1]
get_pos::so_far         0x2000'22c8     0x1  Data  Lc  UartRingbuffer.o [1]
hsd1                    0x2000'221c    0xac  Data  Gb  sdmmc.o [1]
huart1                  0x2000'2154    0xc8  Data  Gb  usart.o [1]
inc_lock                 0x800'0265    0x74  Code  Lc  ff.o [1]
ld_clust                 0x800'08ef    0x26  Code  Lc  ff.o [1]
ld_dword                 0x800'01c3    0x10  Code  Lc  ff.o [1]
ld_word                  0x800'01bd     0x6  Code  Lc  ff.o [1]
ldexp                    0x800'2c3d          Code  Gb  ldexp.o [3]
ldexpl                   0x800'2c3d          Code  Gb  ldexp.o [3]
localeconv               0x800'32ed     0x4  Code  Gb  xlocale_c.o [2]
main                     0x800'6c55   0x162  Code  Gb  main.o [1]
mem_cpy                  0x800'01f1    0x10  Code  Lc  ff.o [1]
mem_set                  0x800'0201     0xa  Code  Lc  ff.o [1]
memchr                   0x800'2afd          Code  Gb  memchr.o [4]
memset                   0x800'53b5    0x14  Code  Gb  memset.o [4]
mount_sd                 0x800'5e55    0x26  Code  Gb  file_handling.o [1]
move_window              0x800'0371    0x34  Code  Lc  ff.o [1]
path                    0x2000'2384    0x20  Data  Gb  file_handling.o [1]
pfs                     0x2000'23a4     0x4  Data  Gb  file_handling.o [1]
put_fat                  0x800'0503   0x10c  Code  Lc  ff.o [1]
read_file                0x800'5f9f    0x6e  Code  Gb  file_handling.o [1]
remove_chain             0x800'062f    0x6a  Code  Lc  ff.o [1]
remove_file              0x800'60b5    0x2a  Code  Gb  file_handling.o [1]
retSD                   0x2000'23c0     0x1  Data  Gb  fatfs.o [1]
rx_buffer               0x2000'231c    0x48  Data  Gb  UartRingbuffer.o [1]
scalbln                  0x800'2c3d          Code  Gb  ldexp.o [3]
scalblnl                 0x800'2c3d          Code  Gb  ldexp.o [3]
scalbn                   0x800'2c3d          Code  Gb  ldexp.o [3]
scalbnl                  0x800'2c3d          Code  Gb  ldexp.o [3]
scale                    0x800'2953    0x46  Code  Lc  xprintffull_nomb.o [2]
scan_files               0x800'5e7b    0xa4  Code  Gb  file_handling.o [1]
sec_hand                0x2000'23d0     0x4  Data  Lc  xfail_s.o [2]
send_uart                0x800'5dff     0xc  Code  Gb  file_handling.o [1]
sprintf                  0x800'6639    0x40  Code  Gb  sprintf.o [2]
st_clust                 0x800'0915    0x26  Code  Lc  ff.o [1]
st_dword                 0x800'01e1    0x10  Code  Lc  ff.o [1]
st_word                  0x800'01d9     0x8  Code  Lc  ff.o [1]
store_char               0x800'648f    0x1a  Code  Gb  UartRingbuffer.o [1]
strchr                   0x800'2a89          Code  Gb  strchr.o [4]
strcmp                   0x800'6679          Code  Gb  strcmp.o [4]
strncmp                  0x800'713d    0x28  Code  Gb  strncmp.o [2]
sync_fs                  0x800'03a5    0x84  Code  Lc  ff.o [1]
sync_window              0x800'032b    0x38  Code  Lc  ff.o [1]
total                   0x2000'23ac     0x4  Data  Gb  file_handling.o [1]
tx_buffer               0x2000'22cc    0x48  Data  Gb  UartRingbuffer.o [1]
update_file              0x800'6241    0x7e  Code  Gb  file_handling.o [1]
uwTick                  0x2000'0004     0x4  Data  Gb  stm32l4xx_hal.o [1]
uwTickFreq              0x2000'0000     0x1  Data  Gb  stm32l4xx_hal.o [1]
uwTickPrio              0x2000'0008     0x4  Data  Gb  stm32l4xx_hal.o [1]
validate                 0x800'0f3f    0x36  Code  Lc  ff.o [1]
wait_until               0x800'6577    0x58  Code  Gb  UartRingbuffer.o [1]
write_file               0x800'5f1f    0x80  Code  Gb  file_handling.o [1]


[1] = D:\freelance\EWARM\Richard\Obj
[2] = dl7M_tlf.a
[3] = m7M_tls.a
[4] = rt7M_tl.a
[5] = shb_l.a

  30'901 bytes of readonly  code memory
     886 bytes of readonly  data memory
  10'194 bytes of readwrite data memory

Errors: none
Warnings: none
